Archive member included to satisfy reference by file (symbol)

/Applications/STM32CubeIDE.app/Contents/Eclipse/plugins/com.st.stm32cube.ide.mcu.externaltools.gnu-tools-for-stm32.13.3.rel1.macos64_1.0.100.202509120712/tools/bin/../lib/gcc/arm-none-eabi/13.3.1/../../../../arm-none-eabi/lib/thumb/v7e-m+fp/hard/libc_nano.a(libc_a-exit.o)
                              /Applications/STM32CubeIDE.app/Contents/Eclipse/plugins/com.st.stm32cube.ide.mcu.externaltools.gnu-tools-for-stm32.13.3.rel1.macos64_1.0.100.202509120712/tools/bin/../lib/gcc/arm-none-eabi/13.3.1/../../../../arm-none-eabi/lib/thumb/v7e-m+fp/hard/crt0.o (exit)
/Applications/STM32CubeIDE.app/Contents/Eclipse/plugins/com.st.stm32cube.ide.mcu.externaltools.gnu-tools-for-stm32.13.3.rel1.macos64_1.0.100.202509120712/tools/bin/../lib/gcc/arm-none-eabi/13.3.1/../../../../arm-none-eabi/lib/thumb/v7e-m+fp/hard/libc_nano.a(libc_a-findfp.o)
                              /Applications/STM32CubeIDE.app/Contents/Eclipse/plugins/com.st.stm32cube.ide.mcu.externaltools.gnu-tools-for-stm32.13.3.rel1.macos64_1.0.100.202509120712/tools/bin/../lib/gcc/arm-none-eabi/13.3.1/../../../../arm-none-eabi/lib/thumb/v7e-m+fp/hard/libc_nano.a(libc_a-exit.o) (__stdio_exit_handler)
/Applications/STM32CubeIDE.app/Contents/Eclipse/plugins/com.st.stm32cube.ide.mcu.externaltools.gnu-tools-for-stm32.13.3.rel1.macos64_1.0.100.202509120712/tools/bin/../lib/gcc/arm-none-eabi/13.3.1/../../../../arm-none-eabi/lib/thumb/v7e-m+fp/hard/libc_nano.a(libc_a-fwalk.o)
                              /Applications/STM32CubeIDE.app/Contents/Eclipse/plugins/com.st.stm32cube.ide.mcu.externaltools.gnu-tools-for-stm32.13.3.rel1.macos64_1.0.100.202509120712/tools/bin/../lib/gcc/arm-none-eabi/13.3.1/../../../../arm-none-eabi/lib/thumb/v7e-m+fp/hard/libc_nano.a(libc_a-findfp.o) (_fwalk_sglue)
/Applications/STM32CubeIDE.app/Contents/Eclipse/plugins/com.st.stm32cube.ide.mcu.externaltools.gnu-tools-for-stm32.13.3.rel1.macos64_1.0.100.202509120712/tools/bin/../lib/gcc/arm-none-eabi/13.3.1/../../../../arm-none-eabi/lib/thumb/v7e-m+fp/hard/libc_nano.a(libc_a-memset.o)
                              /Applications/STM32CubeIDE.app/Contents/Eclipse/plugins/com.st.stm32cube.ide.mcu.externaltools.gnu-tools-for-stm32.13.3.rel1.macos64_1.0.100.202509120712/tools/bin/../lib/gcc/arm-none-eabi/13.3.1/../../../../arm-none-eabi/lib/thumb/v7e-m+fp/hard/crt0.o (memset)
/Applications/STM32CubeIDE.app/Contents/Eclipse/plugins/com.st.stm32cube.ide.mcu.externaltools.gnu-tools-for-stm32.13.3.rel1.macos64_1.0.100.202509120712/tools/bin/../lib/gcc/arm-none-eabi/13.3.1/../../../../arm-none-eabi/lib/thumb/v7e-m+fp/hard/libc_nano.a(libc_a-errno.o)
                              ./Core/Src/syscalls.o (__errno)
/Applications/STM32CubeIDE.app/Contents/Eclipse/plugins/com.st.stm32cube.ide.mcu.externaltools.gnu-tools-for-stm32.13.3.rel1.macos64_1.0.100.202509120712/tools/bin/../lib/gcc/arm-none-eabi/13.3.1/../../../../arm-none-eabi/lib/thumb/v7e-m+fp/hard/libc_nano.a(libc_a-init.o)
                              /Applications/STM32CubeIDE.app/Contents/Eclipse/plugins/com.st.stm32cube.ide.mcu.externaltools.gnu-tools-for-stm32.13.3.rel1.macos64_1.0.100.202509120712/tools/bin/../lib/gcc/arm-none-eabi/13.3.1/../../../../arm-none-eabi/lib/thumb/v7e-m+fp/hard/crt0.o (__libc_init_array)
/Applications/STM32CubeIDE.app/Contents/Eclipse/plugins/com.st.stm32cube.ide.mcu.externaltools.gnu-tools-for-stm32.13.3.rel1.macos64_1.0.100.202509120712/tools/bin/../lib/gcc/arm-none-eabi/13.3.1/../../../../arm-none-eabi/lib/thumb/v7e-m+fp/hard/libc_nano.a(libc_a-lock.o)
                              /Applications/STM32CubeIDE.app/Contents/Eclipse/plugins/com.st.stm32cube.ide.mcu.externaltools.gnu-tools-for-stm32.13.3.rel1.macos64_1.0.100.202509120712/tools/bin/../lib/gcc/arm-none-eabi/13.3.1/../../../../arm-none-eabi/lib/thumb/v7e-m+fp/hard/libc_nano.a(libc_a-findfp.o) (__retarget_lock_init_recursive)
/Applications/STM32CubeIDE.app/Contents/Eclipse/plugins/com.st.stm32cube.ide.mcu.externaltools.gnu-tools-for-stm32.13.3.rel1.macos64_1.0.100.202509120712/tools/bin/../lib/gcc/arm-none-eabi/13.3.1/../../../../arm-none-eabi/lib/thumb/v7e-m+fp/hard/libc_nano.a(libc_a-impure.o)
                              /Applications/STM32CubeIDE.app/Contents/Eclipse/plugins/com.st.stm32cube.ide.mcu.externaltools.gnu-tools-for-stm32.13.3.rel1.macos64_1.0.100.202509120712/tools/bin/../lib/gcc/arm-none-eabi/13.3.1/../../../../arm-none-eabi/lib/thumb/v7e-m+fp/hard/libc_nano.a(libc_a-errno.o) (_impure_ptr)
/Applications/STM32CubeIDE.app/Contents/Eclipse/plugins/com.st.stm32cube.ide.mcu.externaltools.gnu-tools-for-stm32.13.3.rel1.macos64_1.0.100.202509120712/tools/bin/../lib/gcc/arm-none-eabi/13.3.1/../../../../arm-none-eabi/lib/thumb/v7e-m+fp/hard/libc_nano.a(libc_a-memcpy-stub.o)
                              ./Core/Src/main.o (memcpy)
[...]
Memory Configuration

Name             Origin             Length             Attributes
RAM              0x20000000         0x00008000         xrw
FLASH            0x08000000         0x00020000         xr
*default*        0x00000000         0xffffffff

Linker script and memory map

LOAD /Applications/STM32CubeIDE.app/Contents/Eclipse/plugins/com.st.stm32cube.ide.mcu.externaltools.gnu-tools-for-stm32.13.3.rel1.macos64_1.0.100.202509120712/tools/bin/../lib/gcc/arm-none-eabi/13.3.1/thumb/v7e-m+fp/hard/crti.o
LOAD /Applications/STM32CubeIDE.app/Contents/Eclipse/plugins/com.st.stm32cube.ide.mcu.externaltools.gnu-tools-for-stm32.13.3.rel1.macos64_1.0.100.202509120712/tools/bin/../lib/gcc/arm-none-eabi/13.3.1/thumb/v7e-m+fp/hard/crtbegin.o
LOAD /Applications/STM32CubeIDE.app/Contents/Eclipse/plugins/com.st.stm32cube.ide.mcu.externaltools.gnu-tools-for-stm32.13.3.rel1.macos64_1.0.100.202509120712/tools/bin/../lib/gcc/arm-none-eabi/13.3.1/../../../../arm-none-eabi/lib/thumb/v7e-m+fp/hard/crt0.o
LOAD ./Core/Src/main.o
LOAD ./Core/Src/stm32g4xx_hal_msp.o
LOAD ./Core/Src/stm32g4xx_it.o
LOAD ./Core/Src/syscalls.o
LOAD ./Core/Src/sysmem.o
LOAD ./Core/Src/system_stm32g4xx.o
LOAD ./Core/Startup/startup_stm32g441kbtx.o
LOAD ./Drivers/STM32G4xx_HAL_Driver/Src/stm32g4xx_hal.o
LOAD ./Drivers/STM32G4xx_HAL_Driver/Src/stm32g4xx_hal_adc.o
LOAD ./Drivers/STM32G4xx_HAL_Driver/Src/stm32g4xx_hal_adc_ex.o
LOAD ./Drivers/STM32G4xx_HAL_Driver/Src/stm32g4xx_hal_cortex.o
LOAD ./Drivers/STM32G4xx_HAL_Driver/Src/stm32g4xx_hal_dma.o
LOAD ./Drivers/STM32G4xx_HAL_Driver/Src/stm32g4xx_hal_dma_ex.o
LOAD ./Drivers/STM32G4xx_HAL_Driver/Src/stm32g4xx_hal_exti.o
LOAD ./Drivers/STM32G4xx_HAL_Driver/Src/stm32g4xx_hal_flash.o
LOAD ./Drivers/STM32G4xx_HAL_Driver/Src/stm32g4xx_hal_flash_ex.o
LOAD ./Drivers/STM32G4xx_HAL_Driver/Src/stm32g4xx_hal_flash_ramfunc.o
LOAD ./Drivers/STM32G4xx_HAL_Driver/Src/stm32g4xx_hal_gpio.o
LOAD ./Drivers/STM32G4xx_HAL_Driver/Src/stm32g4xx_hal_pcd.o
LOAD ./Drivers/STM32G4xx_HAL_Driver/Src/stm32g4xx_hal_pcd_ex.o
LOAD ./Drivers/STM32G4xx_HAL_Driver/Src/stm32g4xx_hal_pwr.o
LOAD ./Drivers/STM32G4xx_HAL_Driver/Src/stm32g4xx_hal_pwr_ex.o
LOAD ./Drivers/STM32G4xx_HAL_Driver/Src/stm32g4xx_hal_rcc.o
LOAD ./Drivers/STM32G4xx_HAL_Driver/Src/stm32g4xx_hal_rcc_ex.o
LOAD ./Drivers/STM32G4xx_HAL_Driver/Src/stm32g4xx_hal_tim.o
LOAD ./Drivers/STM32G4xx_HAL_Driver/Src/stm32g4xx_hal_tim_ex.o
LOAD ./Drivers/STM32G4xx_HAL_Driver/Src/stm32g4xx_ll_adc.o
LOAD ./Drivers/STM32G4xx_HAL_Driver/Src/stm32g4xx_ll_usb.o
LOAD ./Middlewares/ST/STM32_USB_Device_Library/Class/CDC/Src/usbd_cdc.o
LOAD ./Middlewares/ST/STM32_USB_Device_Library/Core/Src/usbd_core.o
LOAD ./Middlewares/ST/STM32_USB_Device_Library/Core/Src/usbd_ctlreq.o
LOAD ./Middlewares/ST/STM32_USB_Device_Library/Core/Src/usbd_ioreq.o
LOAD ./USB_Device/App/usb_device.o
LOAD ./USB_Device/App/usbd_cdc_if.o
LOAD ./USB_Device/App/usbd_desc.o
LOAD ./USB_Device/Target/usbd_conf.o
START GROUP
LOAD /Applications/STM32CubeIDE.app/Contents/Eclipse/plugins/com.st.stm32cube.ide.mcu.externaltools.gnu-tools-for-stm32.13.3.rel1.macos64_1.0.100.202509120712/tools/bin/../lib/gcc/arm-none-eabi/13.3.1/../../../../arm-none-eabi/lib/thumb/v7e-m+fp/hard/libc_nano.a
LOAD /Applications/STM32CubeIDE.app/Contents/Eclipse/plugins/com.st.stm32cube.ide.mcu.externaltools.gnu-tools-for-stm32.13.3.rel1.macos64_1.0.100.202509120712/tools/bin/../lib/gcc/arm-none-eabi/13.3.1/../../../../arm-none-eabi/lib/thumb/v7e-m+fp/hard/libm.a
END GROUP
START GROUP
LOAD /Applications/STM32CubeIDE.app/Contents/Eclipse/plugins/com.st.stm32cube.ide.mcu.externaltools.gnu-tools-for-stm32.13.3.rel1.macos64_1.0.100.202509120712/tools/bin/../lib/gcc/arm-none-eabi/13.3.1/thumb/v7e-m+fp/hard/libgcc.a
LOAD /Applications/STM32CubeIDE.app/Contents/Eclipse/plugins/com.st.stm32cube.ide.mcu.externaltools.gnu-tools-for-stm32.13.3.rel1.macos64_1.0.100.202509120712/tools/bin/../lib/gcc/arm-none-eabi/13.3.1/../../../../arm-none-eabi/lib/thumb/v7e-m+fp/hard/libc_nano.a
END GROUP
START GROUP
LOAD /Applications/STM32CubeIDE.app/Contents/Eclipse/plugins/com.st.stm32cube.ide.mcu.externaltools.gnu-tools-for-stm32.13.3.rel1.macos64_1.0.100.202509120712/tools/bin/../lib/gcc/arm-none-eabi/13.3.1/thumb/v7e-m+fp/hard/libgcc.a
LOAD /Applications/STM32CubeIDE.app/Contents/Eclipse/plugins/com.st.stm32cube.ide.mcu.externaltools.gnu-tools-for-stm32.13.3.rel1.macos64_1.0.100.202509120712/tools/bin/../lib/gcc/arm-none-eabi/13.3.1/../../../../arm-none-eabi/lib/thumb/v7e-m+fp/hard/libc_nano.a
LOAD /Applications/STM32CubeIDE.app/Contents/Eclipse/plugins/com.st.stm32cube.ide.mcu.externaltools.gnu-tools-for-stm32.13.3.rel1.macos64_1.0.100.202509120712/tools/bin/../lib/gcc/arm-none-eabi/13.3.1/../../../../arm-none-eabi/lib/thumb/v7e-m+fp/hard/libnosys.a
END GROUP
START GROUP
LOAD /Applications/STM32CubeIDE.app/Contents/Eclipse/plugins/com.st.stm32cube.ide.mcu.externaltools.gnu-tools-for-stm32.13.3.rel1.macos64_1.0.100.202509120712/tools/bin/../lib/gcc/arm-none-eabi/13.3.1/thumb/v7e-m+fp/hard/libgcc.a
LOAD /Applications/STM32CubeIDE.app/Contents/Eclipse/plugins/com.st.stm32cube.ide.mcu.externaltools.gnu-tools-for-stm32.13.3.rel1.macos64_1.0.100.202509120712/tools/bin/../lib/gcc/arm-none-eabi/13.3.1/../../../../arm-none-eabi/lib/thumb/v7e-m+fp/hard/libc_nano.a
LOAD /Applications/STM32CubeIDE.app/Contents/Eclipse/plugins/com.st.stm32cube.ide.mcu.externaltools.gnu-tools-for-stm32.13.3.rel1.macos64_1.0.100.202509120712/tools/bin/../lib/gcc/arm-none-eabi/13.3.1/../../../../arm-none-eabi/lib/thumb/v7e-m+fp/hard/libnosys.a
END GROUP
LOAD /Applications/STM32CubeIDE.app/Contents/Eclipse/plugins/com.st.stm32cube.ide.mcu.externaltools.gnu-tools-for-stm32.13.3.rel1.macos64_1.0.100.202509120712/tools/bin/../lib/gcc/arm-none-eabi/13.3.1/thumb/v7e-m+fp/hard/crtend.o
LOAD /Applications/STM32CubeIDE.app/Contents/Eclipse/plugins/com.st.stm32cube.ide.mcu.externaltools.gnu-tools-for-stm32.13.3.rel1.macos64_1.0.100.202509120712/tools/bin/../lib/gcc/arm-none-eabi/13.3.1/thumb/v7e-m+fp/hard/crtn.o
                0x20008000                        _estack = (ORIGIN (RAM) + LENGTH (RAM))
                0x00000200                        _Min_Heap_Size = 0x200
                0x00000400                        _Min_Stack_Size = 0x400

.isr_vector     0x08000000      0x1d8
                0x08000000                        . = ALIGN (0x4)
 *(.isr_vector)
 .isr_vector    0x08000000      0x1d8 ./Core/Startup/startup_stm32g441kbtx.o
                0x08000000                g_pfnVectors
                0x080001d8                        . = ALIGN (0x4)

.text           0x080001d8     0xa81c
                0x080001d8                        . = ALIGN (0x4)
 *(.text)
 .text          0x080001d8       0x40 /Applications/STM32CubeIDE.app/Contents/Eclipse/plugins/com.st.stm32cube.ide.mcu.externaltools.gnu-tools-for-stm32.13.3.rel1.macos64_1.0.100.202509120712/tools/bin/../lib/gcc/arm-none-eabi/13.3.1/thumb/v7e-m+fp/hard/crtbegin.o
 *(.text*)
 .text.CDC_On_Receive
                0x08000218       0x40 ./Core/Src/main.o
                0x08000218                CDC_On_Receive
 .text.DWT_Init
                0x08000258       0x34 ./Core/Src/main.o
 .text.delay_us
                0x0800028c       0x3c ./Core/Src/main.o
 .text.mapThrower
                0x080002c8       0x54 ./Core/Src/main.o
                0x080002c8                mapThrower
 .text.enable_drivers
                0x0800031c       0x2c ./Core/Src/main.o
                0x0800031c                enable_drivers
 .text.clamp    0x08000348       0x32 ./Core/Src/main.o
                0x08000348                clamp
 *fill*         0x0800037a        0x2 
 .text.rapidBlink
                0x0800037c       0x34 ./Core/Src/main.o
                0x0800037c                rapidBlink
 .text.setMotor
                0x080003b0       0xd4 ./Core/Src/main.o
                0x080003b0                setMotor
 .text.runMotor
                0x08000484       0x46 ./Core/Src/main.o
                0x08000484                runMotor
 *fill*         0x080004ca        0x2 
 .text.HAL_TIM_PeriodElapsedCallback
                0x080004cc       0xb4 ./Core/Src/main.o
                0x080004cc                HAL_TIM_PeriodElapsedCallback
 .text.main     0x08000580      0x134 ./Core/Src/main.o
                0x08000580                main
 .text.SystemClock_Config
                0x080006b4       0x9a ./Core/Src/main.o
                0x080006b4                SystemClock_Config
 *fill*         0x0800074e        0x2 
 .text.MX_ADC2_Init
                0x08000750       0xcc ./Core/Src/main.o
 .text.MX_TIM1_Init
                0x0800081c      0x158 ./Core/Src/main.o
 .text.MX_TIM2_Init
                0x08000974       0xa8 ./Core/Src/main.o
 .text.MX_TIM3_Init
                0x08000a1c       0xac ./Core/Src/main.o
 .text.MX_TIM4_Init
                0x08000ac8       0xac ./Core/Src/main.o
 .text.MX_TIM6_Init
                0x08000b74       0x6c ./Core/Src/main.o
 .text.MX_TIM8_Init
                0x08000be0      0x128 ./Core/Src/main.o
 .text.MX_TIM16_Init
                0x08000d08       0xf4 ./Core/Src/main.o
 .text.MX_TIM17_Init
                0x08000dfc       0xf4 ./Core/Src/main.o
 .text.MX_GPIO_Init
                0x08000ef0       0xc0 ./Core/Src/main.o
 .text.Error_Handler
                0x08000fb0        0xc ./Core/Src/main.o
                0x08000fb0                Error_Handler
 .text.HAL_MspInit
                0x08000fbc       0x48 ./Core/Src/stm32g4xx_hal_msp.o
                0x08000fbc                HAL_MspInit
 .text.HAL_ADC_MspInit
                0x08001004       0xac ./Core/Src/stm32g4xx_hal_msp.o
                0x08001004                HAL_ADC_MspInit
 .text.HAL_TIM_PWM_MspInit
                0x080010b0       0x68 ./Core/Src/stm32g4xx_hal_msp.o
                0x080010b0                HAL_TIM_PWM_MspInit
 .text.HAL_TIM_Encoder_MspInit
                0x08001118      0x148 ./Core/Src/stm32g4xx_hal_msp.o
                0x08001118                HAL_TIM_Encoder_MspInit
 .text.HAL_TIM_Base_MspInit
                0x08001260       0x9c ./Core/Src/stm32g4xx_hal_msp.o
                0x08001260                HAL_TIM_Base_MspInit
 .text.HAL_TIM_MspPostInit
                0x080012fc      0x150 ./Core/Src/stm32g4xx_hal_msp.o
                0x080012fc                HAL_TIM_MspPostInit
 .text.NMI_Handler
                0x0800144c        0x8 ./Core/Src/stm32g4xx_it.o
                0x0800144c                NMI_Handler
 .text.HardFault_Handler
                0x08001454        0x8 ./Core/Src/stm32g4xx_it.o
                0x08001454                HardFault_Handler
 .text.MemManage_Handler
                0x0800145c        0x8 ./Core/Src/stm32g4xx_it.o
                0x0800145c                MemManage_Handler
 .text.BusFault_Handler
                0x08001464        0x8 ./Core/Src/stm32g4xx_it.o
                0x08001464                BusFault_Handler
 .text.UsageFault_Handler
                0x0800146c        0x8 ./Core/Src/stm32g4xx_it.o
                0x0800146c                UsageFault_Handler
 .text.SVC_Handler
                0x08001474        0xe ./Core/Src/stm32g4xx_it.o
                0x08001474                SVC_Handler
 .text.DebugMon_Handler
                0x08001482        0xe ./Core/Src/stm32g4xx_it.o
                0x08001482                DebugMon_Handler
 .text.PendSV_Handler
                0x08001490        0xe ./Core/Src/stm32g4xx_it.o
                0x08001490                PendSV_Handler
 .text.SysTick_Handler
                0x0800149e        0xc ./Core/Src/stm32g4xx_it.o
                0x0800149e                SysTick_Handler
 *fill*         0x080014aa        0x2 
 .text.USB_LP_IRQHandler
                0x080014ac       0x14 ./Core/Src/stm32g4xx_it.o
                0x080014ac                USB_LP_IRQHandler
 .text.TIM6_DAC_IRQHandler
                0x080014c0       0x14 ./Core/Src/stm32g4xx_it.o
                0x080014c0                TIM6_DAC_IRQHandler
 .text.SystemInit
                0x080014d4       0x24 ./Core/Src/system_stm32g4xx.o
                0x080014d4                SystemInit
 .text.Reset_Handler
                0x080014f8       0x50 ./Core/Startup/startup_stm32g441kbtx.o
                0x080014f8                Reset_Handler
 .text.Default_Handler
                0x08001548        0x2 ./Core/Startup/startup_stm32g441kbtx.o
                0x08001548                TIM1_BRK_TIM15_IRQHandler
                0x08001548                EXTI2_IRQHandler
                0x08001548                TIM8_TRG_COM_IRQHandler
                0x08001548                TIM8_CC_IRQHandler
                0x08001548                TIM1_CC_IRQHandler
                0x08001548                USB_HP_IRQHandler
                0x08001548                CORDIC_IRQHandler
                0x08001548                EXTI3_IRQHandler
                0x08001548                I2C3_ER_IRQHandler
                0x08001548                EXTI0_IRQHandler
                0x08001548                I2C2_EV_IRQHandler
                0x08001548                FPU_IRQHandler
                0x08001548                FDCAN1_IT1_IRQHandler
                0x08001548                TIM1_UP_TIM16_IRQHandler
                0x08001548                ADC1_2_IRQHandler
                0x08001548                SPI1_IRQHandler
                0x08001548                TIM8_UP_IRQHandler
                0x08001548                DMA2_Channel2_IRQHandler
                0x08001548                DMA1_Channel4_IRQHandler
                0x08001548                USART3_IRQHandler
                0x08001548                TIM4_IRQHandler
                0x08001548                DMA2_Channel1_IRQHandler
                0x08001548                I2C1_EV_IRQHandler
                0x08001548                DMA1_Channel6_IRQHandler
                0x08001548                UART4_IRQHandler
                0x08001548                DMA2_Channel4_IRQHandler
                0x08001548                TIM3_IRQHandler
                0x08001548                RCC_IRQHandler
                0x08001548                DMA1_Channel1_IRQHandler
                0x08001548                Default_Handler
                0x08001548                RTC_TAMP_LSECSS_IRQHandler
                0x08001548                FMAC_IRQHandler
                0x08001548                EXTI15_10_IRQHandler
                0x08001548                TIM7_IRQHandler
                0x08001548                UCPD1_IRQHandler
                0x08001548                I2C3_EV_IRQHandler
                0x08001548                EXTI9_5_IRQHandler
                0x08001548                RTC_WKUP_IRQHandler
                0x08001548                PVD_PVM_IRQHandler
                0x08001548                SPI2_IRQHandler
                0x08001548                DMA2_Channel5_IRQHandler
                0x08001548                CRS_IRQHandler
                0x08001548                DMA1_Channel5_IRQHandler
                0x08001548                EXTI4_IRQHandler
                0x08001548                RNG_IRQHandler
                0x08001548                TIM1_TRG_COM_TIM17_IRQHandler
                0x08001548                DMA1_Channel3_IRQHandler
                0x08001548                WWDG_IRQHandler
                0x08001548                LPUART1_IRQHandler
                0x08001548                DMA2_Channel6_IRQHandler
                0x08001548                FDCAN1_IT0_IRQHandler
                0x08001548                TIM2_IRQHandler
                0x08001548                COMP1_2_3_IRQHandler
                0x08001548                EXTI1_IRQHandler
                0x08001548                AES_IRQHandler
                0x08001548                USART2_IRQHandler
                0x08001548                I2C2_ER_IRQHandler
                0x08001548                DMA1_Channel2_IRQHandler
                0x08001548                TIM8_BRK_IRQHandler
                0x08001548                FLASH_IRQHandler
                0x08001548                USART1_IRQHandler
                0x08001548                SPI3_IRQHandler
                0x08001548                I2C1_ER_IRQHandler
                0x08001548                LPTIM1_IRQHandler
                0x08001548                DMAMUX_OVR_IRQHandler
                0x08001548                USBWakeUp_IRQHandler
                0x08001548                SAI1_IRQHandler
                0x08001548                DMA2_Channel3_IRQHandler
                0x08001548                COMP4_IRQHandler
                0x08001548                RTC_Alarm_IRQHandler
 .text.HAL_Init
                0x0800154a       0x30 ./Drivers/STM32G4xx_HAL_Driver/Src/stm32g4xx_hal.o
                0x0800154a                HAL_Init
 *fill*         0x0800157a        0x2 
 .text.HAL_InitTick
                0x0800157c       0x74 ./Drivers/STM32G4xx_HAL_Driver/Src/stm32g4xx_hal.o
                0x0800157c                HAL_InitTick
 .text.HAL_IncTick
                0x080015f0       0x24 ./Drivers/STM32G4xx_HAL_Driver/Src/stm32g4xx_hal.o
                0x080015f0                HAL_IncTick
 .text.HAL_GetTick
                0x08001614       0x18 ./Drivers/STM32G4xx_HAL_Driver/Src/stm32g4xx_hal.o
                0x08001614                HAL_GetTick
 .text.HAL_Delay
                0x0800162c       0x44 ./Drivers/STM32G4xx_HAL_Driver/Src/stm32g4xx_hal.o
                0x0800162c                HAL_Delay
 .text.LL_ADC_SetCommonClock
                0x08001670       0x26 ./Drivers/STM32G4xx_HAL_Driver/Src/stm32g4xx_hal_adc.o
 .text.LL_ADC_SetCommonPathInternalCh
                0x08001696       0x26 ./Drivers/STM32G4xx_HAL_Driver/Src/stm32g4xx_hal_adc.o
 .text.LL_ADC_GetCommonPathInternalCh
                0x080016bc       0x1c ./Drivers/STM32G4xx_HAL_Driver/Src/stm32g4xx_hal_adc.o
 .text.LL_ADC_SetOffset
                0x080016d8       0x48 ./Drivers/STM32G4xx_HAL_Driver/Src/stm32g4xx_hal_adc.o
 .text.LL_ADC_GetOffsetChannel
                0x08001720       0x2c ./Drivers/STM32G4xx_HAL_Driver/Src/stm32g4xx_hal_adc.o
 .text.LL_ADC_SetOffsetState
                0x0800174c       0x36 ./Drivers/STM32G4xx_HAL_Driver/Src/stm32g4xx_hal_adc.o
 .text.LL_ADC_SetOffsetSign
                0x08001782       0x36 ./Drivers/STM32G4xx_HAL_Driver/Src/stm32g4xx_hal_adc.o
 .text.LL_ADC_SetOffsetSaturation
                0x080017b8       0x36 ./Drivers/STM32G4xx_HAL_Driver/Src/stm32g4xx_hal_adc.o
 .text.LL_ADC_SetSamplingTimeCommonConfig
                0x080017ee       0x26 ./Drivers/STM32G4xx_HAL_Driver/Src/stm32g4xx_hal_adc.o
 .text.LL_ADC_REG_SetSequencerRanks
                0x08001814       0x58 ./Drivers/STM32G4xx_HAL_Driver/Src/stm32g4xx_hal_adc.o
 .text.LL_ADC_SetChannelSamplingTime
                0x0800186c       0x56 ./Drivers/STM32G4xx_HAL_Driver/Src/stm32g4xx_hal_adc.o
 *fill*         0x080018c2        0x2 
 .text.LL_ADC_SetChannelSingleDiff
                0x080018c4       0x48 ./Drivers/STM32G4xx_HAL_Driver/Src/stm32g4xx_hal_adc.o
 .text.LL_ADC_DisableDeepPowerDown
                0x0800190c       0x24 ./Drivers/STM32G4xx_HAL_Driver/Src/stm32g4xx_hal_adc.o
 .text.LL_ADC_IsDeepPowerDownEnabled
                0x08001930       0x28 ./Drivers/STM32G4xx_HAL_Driver/Src/stm32g4xx_hal_adc.o
 .text.LL_ADC_EnableInternalRegulator
                0x08001958       0x28 ./Drivers/STM32G4xx_HAL_Driver/Src/stm32g4xx_hal_adc.o
 .text.LL_ADC_IsInternalRegulatorEnabled
                0x08001980       0x28 ./Drivers/STM32G4xx_HAL_Driver/Src/stm32g4xx_hal_adc.o
 .text.LL_ADC_IsEnabled
                0x080019a8       0x26 ./Drivers/STM32G4xx_HAL_Driver/Src/stm32g4xx_hal_adc.o
 .text.LL_ADC_REG_IsConversionOngoing
                0x080019ce       0x26 ./Drivers/STM32G4xx_HAL_Driver/Src/stm32g4xx_hal_adc.o
 .text.LL_ADC_INJ_IsConversionOngoing
                0x080019f4       0x26 ./Drivers/STM32G4xx_HAL_Driver/Src/stm32g4xx_hal_adc.o
 *fill*         0x08001a1a        0x2 
 .text.HAL_ADC_Init
                0x08001a1c      0x308 ./Drivers/STM32G4xx_HAL_Driver/Src/stm32g4xx_hal_adc.o
                0x08001a1c                HAL_ADC_Init
 .text.HAL_ADC_ConfigChannel
                0x08001d24      0x7e0 ./Drivers/STM32G4xx_HAL_Driver/Src/stm32g4xx_hal_adc.o
                0x08001d24                HAL_ADC_ConfigChannel
 .text.__NVIC_SetPriorityGrouping
                0x08002504       0x48 ./Drivers/STM32G4xx_HAL_Driver/Src/stm32g4xx_hal_cortex.o
 .text.__NVIC_GetPriorityGrouping
                0x0800254c       0x1c ./Drivers/STM32G4xx_HAL_Driver/Src/stm32g4xx_hal_cortex.o
 .text.__NVIC_EnableIRQ
                0x08002568       0x3c ./Drivers/STM32G4xx_HAL_Driver/Src/stm32g4xx_hal_cortex.o
 .text.__NVIC_SetPriority
                0x080025a4       0x54 ./Drivers/STM32G4xx_HAL_Driver/Src/stm32g4xx_hal_cortex.o
 .text.NVIC_EncodePriority
                0x080025f8       0x66 ./Drivers/STM32G4xx_HAL_Driver/Src/stm32g4xx_hal_cortex.o
 *fill*         0x0800265e        0x2 
 .text.SysTick_Config
                0x08002660       0x44 ./Drivers/STM32G4xx_HAL_Driver/Src/stm32g4xx_hal_cortex.o
 .text.HAL_NVIC_SetPriorityGrouping
                0x080026a4       0x16 ./Drivers/STM32G4xx_HAL_Driver/Src/stm32g4xx_hal_cortex.o
                0x080026a4                HAL_NVIC_SetPriorityGrouping
 .text.HAL_NVIC_SetPriority
                0x080026ba       0x34 ./Drivers/STM32G4xx_HAL_Driver/Src/stm32g4xx_hal_cortex.o
                0x080026ba                HAL_NVIC_SetPriority
 .text.HAL_NVIC_EnableIRQ
                0x080026ee       0x1c ./Drivers/STM32G4xx_HAL_Driver/Src/stm32g4xx_hal_cortex.o
                0x080026ee                HAL_NVIC_EnableIRQ
 .text.HAL_SYSTICK_Config
                0x0800270a       0x18 ./Drivers/STM32G4xx_HAL_Driver/Src/stm32g4xx_hal_cortex.o
                0x0800270a                HAL_SYSTICK_Config
 *fill*         0x08002722        0x2 
 .text.HAL_GPIO_Init
                0x08002724      0x304 ./Drivers/STM32G4xx_HAL_Driver/Src/stm32g4xx_hal_gpio.o
                0x08002724                HAL_GPIO_Init
 .text.HAL_GPIO_WritePin
                0x08002a28       0x30 ./Drivers/STM32G4xx_HAL_Driver/Src/stm32g4xx_hal_gpio.o
                0x08002a28                HAL_GPIO_WritePin
 .text.HAL_GPIO_TogglePin
                0x08002a58       0x34 ./Drivers/STM32G4xx_HAL_Driver/Src/stm32g4xx_hal_gpio.o
                0x08002a58                HAL_GPIO_TogglePin
 .text.HAL_PCD_Init
                0x08002a8c      0x19c ./Drivers/STM32G4xx_HAL_Driver/Src/stm32g4xx_hal_pcd.o
                0x08002a8c                HAL_PCD_Init
 .text.HAL_PCD_Start
                0x08002c28       0x44 ./Drivers/STM32G4xx_HAL_Driver/Src/stm32g4xx_hal_pcd.o
                0x08002c28                HAL_PCD_Start
 .text.HAL_PCD_IRQHandler
                0x08002c6c      0x24e ./Drivers/STM32G4xx_HAL_Driver/Src/stm32g4xx_hal_pcd.o
                0x08002c6c                HAL_PCD_IRQHandler
 .text.HAL_PCD_SetAddress
                0x08002eba       0x48 ./Drivers/STM32G4xx_HAL_Driver/Src/stm32g4xx_hal_pcd.o
                0x08002eba                HAL_PCD_SetAddress
 .text.HAL_PCD_EP_Open
                0x08002f02       0xbe ./Drivers/STM32G4xx_HAL_Driver/Src/stm32g4xx_hal_pcd.o
                0x08002f02                HAL_PCD_EP_Open
 .text.HAL_PCD_EP_Close
                0x08002fc0       0x90 ./Drivers/STM32G4xx_HAL_Driver/Src/stm32g4xx_hal_pcd.o
                0x08002fc0                HAL_PCD_EP_Close
 .text.HAL_PCD_EP_Receive
                0x08003050       0x62 ./Drivers/STM32G4xx_HAL_Driver/Src/stm32g4xx_hal_pcd.o
                0x08003050                HAL_PCD_EP_Receive
 .text.HAL_PCD_EP_GetRxCount
                0x080030b2       0x30 ./Drivers/STM32G4xx_HAL_Driver/Src/stm32g4xx_hal_pcd.o
                0x080030b2                HAL_PCD_EP_GetRxCount
 .text.HAL_PCD_EP_Transmit
                0x080030e2       0x6e ./Drivers/STM32G4xx_HAL_Driver/Src/stm32g4xx_hal_pcd.o
                0x080030e2                HAL_PCD_EP_Transmit
 .text.HAL_PCD_EP_SetStall
                0x08003150       0xa4 ./Drivers/STM32G4xx_HAL_Driver/Src/stm32g4xx_hal_pcd.o
                0x08003150                HAL_PCD_EP_SetStall
 .text.HAL_PCD_EP_ClrStall
                0x080031f4       0xa8 ./Drivers/STM32G4xx_HAL_Driver/Src/stm32g4xx_hal_pcd.o
                0x080031f4                HAL_PCD_EP_ClrStall
 .text.PCD_EP_ISR_Handler
                0x0800329c      0x68e ./Drivers/STM32G4xx_HAL_Driver/Src/stm32g4xx_hal_pcd.o
 .text.HAL_PCD_EP_DB_Receive
                0x0800392a      0x212 ./Drivers/STM32G4xx_HAL_Driver/Src/stm32g4xx_hal_pcd.o
 .text.HAL_PCD_EP_DB_Transmit
                0x08003b3c      0x878 ./Drivers/STM32G4xx_HAL_Driver/Src/stm32g4xx_hal_pcd.o
 .text.HAL_PCDEx_PMAConfig
                0x080043b4       0x86 ./Drivers/STM32G4xx_HAL_Driver/Src/stm32g4xx_hal_pcd_ex.o
                0x080043b4                HAL_PCDEx_PMAConfig
 .text.HAL_PCDEx_ActivateLPM
                0x0800443a       0x54 ./Drivers/STM32G4xx_HAL_Driver/Src/stm32g4xx_hal_pcd_ex.o
                0x0800443a                HAL_PCDEx_ActivateLPM
 *fill*         0x0800448e        0x2 
 .text.HAL_PWREx_ControlVoltageScaling
                0x08004490      0x148 ./Drivers/STM32G4xx_HAL_Driver/Src/stm32g4xx_hal_pwr_ex.o
                0x08004490                HAL_PWREx_ControlVoltageScaling
 .text.HAL_PWREx_DisableUCPDDeadBattery
                0x080045d8       0x20 ./Drivers/STM32G4xx_HAL_Driver/Src/stm32g4xx_hal_pwr_ex.o
                0x080045d8                HAL_PWREx_DisableUCPDDeadBattery
 .text.HAL_RCC_OscConfig
                0x080045f8      0x624 ./Drivers/STM32G4xx_HAL_Driver/Src/stm32g4xx_hal_rcc.o
                0x080045f8                HAL_RCC_OscConfig
 .text.HAL_RCC_ClockConfig
                0x08004c1c      0x278 ./Drivers/STM32G4xx_HAL_Driver/Src/stm32g4xx_hal_rcc.o
                0x08004c1c                HAL_RCC_ClockConfig
 .text.HAL_RCC_GetSysClockFreq
                0x08004e94       0xc4 ./Drivers/STM32G4xx_HAL_Driver/Src/stm32g4xx_hal_rcc.o
                0x08004e94                HAL_RCC_GetSysClockFreq
 .text.RCC_GetSysClockFreqFromPLLSource
                0x08004f58       0x8c ./Drivers/STM32G4xx_HAL_Driver/Src/stm32g4xx_hal_rcc.o
 .text.HAL_RCCEx_PeriphCLKConfig
                0x08004fe4      0x3e0 ./Drivers/STM32G4xx_HAL_Driver/Src/stm32g4xx_hal_rcc_ex.o
                0x08004fe4                HAL_RCCEx_PeriphCLKConfig
 .text.HAL_TIM_Base_Init
                0x080053c4       0xae ./Drivers/STM32G4xx_HAL_Driver/Src/stm32g4xx_hal_tim.o
                0x080053c4                HAL_TIM_Base_Init
 *fill*         0x08005472        0x2 
 .text.HAL_TIM_Base_Start_IT
                0x08005474       0xd4 ./Drivers/STM32G4xx_HAL_Driver/Src/stm32g4xx_hal_tim.o
                0x08005474                HAL_TIM_Base_Start_IT
 .text.HAL_TIM_PWM_Init
                0x08005548       0xae ./Drivers/STM32G4xx_HAL_Driver/Src/stm32g4xx_hal_tim.o
                0x08005548                HAL_TIM_PWM_Init
 *fill*         0x080055f6        0x2 
 .text.HAL_TIM_PWM_Start
                0x080055f8      0x200 ./Drivers/STM32G4xx_HAL_Driver/Src/stm32g4xx_hal_tim.o
                0x080055f8                HAL_TIM_PWM_Start
 .text.HAL_TIM_Encoder_Init
                0x080057f8      0x14c ./Drivers/STM32G4xx_HAL_Driver/Src/stm32g4xx_hal_tim.o
                0x080057f8                HAL_TIM_Encoder_Init
 .text.HAL_TIM_Encoder_Start
                0x08005944      0x11c ./Drivers/STM32G4xx_HAL_Driver/Src/stm32g4xx_hal_tim.o
                0x08005944                HAL_TIM_Encoder_Start
 .text.HAL_TIM_IRQHandler
                0x08005a60      0x29e ./Drivers/STM32G4xx_HAL_Driver/Src/stm32g4xx_hal_tim.o
                0x08005a60                HAL_TIM_IRQHandler
 *fill*         0x08005cfe        0x2 
 .text.HAL_TIM_PWM_ConfigChannel
                0x08005d00      0x228 ./Drivers/STM32G4xx_HAL_Driver/Src/stm32g4xx_hal_tim.o
                0x08005d00                HAL_TIM_PWM_ConfigChannel
 .text.HAL_TIM_OC_DelayElapsedCallback
                0x08005f28       0x14 ./Drivers/STM32G4xx_HAL_Driver/Src/stm32g4xx_hal_tim.o
                0x08005f28                HAL_TIM_OC_DelayElapsedCallback
 .text.HAL_TIM_IC_CaptureCallback
                0x08005f3c       0x14 ./Drivers/STM32G4xx_HAL_Driver/Src/stm32g4xx_hal_tim.o
                0x08005f3c                HAL_TIM_IC_CaptureCallback
 .text.HAL_TIM_PWM_PulseFinishedCallback
                0x08005f50       0x14 ./Drivers/STM32G4xx_HAL_Driver/Src/stm32g4xx_hal_tim.o
                0x08005f50                HAL_TIM_PWM_PulseFinishedCallback
 .text.HAL_TIM_TriggerCallback
                0x08005f64       0x14 ./Drivers/STM32G4xx_HAL_Driver/Src/stm32g4xx_hal_tim.o
                0x08005f64                HAL_TIM_TriggerCallback
 .text.TIM_Base_SetConfig
                0x08005f78      0x138 ./Drivers/STM32G4xx_HAL_Driver/Src/stm32g4xx_hal_tim.o
                0x08005f78                TIM_Base_SetConfig
 .text.TIM_OC1_SetConfig
                0x080060b0      0x120 ./Drivers/STM32G4xx_HAL_Driver/Src/stm32g4xx_hal_tim.o
 .text.TIM_OC2_SetConfig
                0x080061d0      0x114 ./Drivers/STM32G4xx_HAL_Driver/Src/stm32g4xx_hal_tim.o
                0x080061d0                TIM_OC2_SetConfig
 .text.TIM_OC3_SetConfig
                0x080062e4      0x110 ./Drivers/STM32G4xx_HAL_Driver/Src/stm32g4xx_hal_tim.o
 .text.TIM_OC4_SetConfig
                0x080063f4      0x114 ./Drivers/STM32G4xx_HAL_Driver/Src/stm32g4xx_hal_tim.o
 .text.TIM_OC5_SetConfig
                0x08006508       0xc8 ./Drivers/STM32G4xx_HAL_Driver/Src/stm32g4xx_hal_tim.o
 .text.TIM_OC6_SetConfig
                0x080065d0       0xcc ./Drivers/STM32G4xx_HAL_Driver/Src/stm32g4xx_hal_tim.o
 .text.TIM_CCxChannelCmd
                0x0800669c       0x4a ./Drivers/STM32G4xx_HAL_Driver/Src/stm32g4xx_hal_tim.o
                0x0800669c                TIM_CCxChannelCmd
 *fill*         0x080066e6        0x2 
 .text.HAL_TIMEx_MasterConfigSynchronization
                0x080066e8      0x104 ./Drivers/STM32G4xx_HAL_Driver/Src/stm32g4xx_hal_tim_ex.o
                0x080066e8                HAL_TIMEx_MasterConfigSynchronization
 .text.HAL_TIMEx_ConfigBreakDeadTime
                0x080067ec      0x118 ./Drivers/STM32G4xx_HAL_Driver/Src/stm32g4xx_hal_tim_ex.o
                0x080067ec                HAL_TIMEx_ConfigBreakDeadTime
 .text.HAL_TIMEx_CommutCallback
                0x08006904       0x14 ./Drivers/STM32G4xx_HAL_Driver/Src/stm32g4xx_hal_tim_ex.o
                0x08006904                HAL_TIMEx_CommutCallback
 .text.HAL_TIMEx_BreakCallback
                0x08006918       0x14 ./Drivers/STM32G4xx_HAL_Driver/Src/stm32g4xx_hal_tim_ex.o
                0x08006918                HAL_TIMEx_BreakCallback
 .text.HAL_TIMEx_Break2Callback
                0x0800692c       0x14 ./Drivers/STM32G4xx_HAL_Driver/Src/stm32g4xx_hal_tim_ex.o
                0x0800692c                HAL_TIMEx_Break2Callback
 .text.HAL_TIMEx_EncoderIndexCallback
                0x08006940       0x14 ./Drivers/STM32G4xx_HAL_Driver/Src/stm32g4xx_hal_tim_ex.o
                0x08006940                HAL_TIMEx_EncoderIndexCallback
 .text.HAL_TIMEx_DirectionChangeCallback
                0x08006954       0x14 ./Drivers/STM32G4xx_HAL_Driver/Src/stm32g4xx_hal_tim_ex.o
                0x08006954                HAL_TIMEx_DirectionChangeCallback
 .text.HAL_TIMEx_IndexErrorCallback
                0x08006968       0x14 ./Drivers/STM32G4xx_HAL_Driver/Src/stm32g4xx_hal_tim_ex.o
                0x08006968                HAL_TIMEx_IndexErrorCallback
 .text.HAL_TIMEx_TransitionErrorCallback
                0x0800697c       0x14 ./Drivers/STM32G4xx_HAL_Driver/Src/stm32g4xx_hal_tim_ex.o
                0x0800697c                HAL_TIMEx_TransitionErrorCallback
 .text.USB_EnableGlobalInt
                0x08006990       0x2e ./Drivers/STM32G4xx_HAL_Driver/Src/stm32g4xx_ll_usb.o
                0x08006990                USB_EnableGlobalInt
 .text.USB_DisableGlobalInt
                0x080069be       0x36 ./Drivers/STM32G4xx_HAL_Driver/Src/stm32g4xx_ll_usb.o
                0x080069be                USB_DisableGlobalInt
 .text.USB_DevInit
                0x080069f4       0x3c ./Drivers/STM32G4xx_HAL_Driver/Src/stm32g4xx_ll_usb.o
                0x080069f4                USB_DevInit
 .text.USB_ActivateEndpoint
                0x08006a30      0x9d0 ./Drivers/STM32G4xx_HAL_Driver/Src/stm32g4xx_ll_usb.o
                0x08006a30                USB_ActivateEndpoint
 .text.USB_DeactivateEndpoint
                0x08007400      0x3da ./Drivers/STM32G4xx_HAL_Driver/Src/stm32g4xx_ll_usb.o
                0x08007400                USB_DeactivateEndpoint
 .text.USB_EPStartXfer
                0x080077da      0xb5e ./Drivers/STM32G4xx_HAL_Driver/Src/stm32g4xx_ll_usb.o
                0x080077da                USB_EPStartXfer
 .text.USB_EPSetStall
                0x08008338       0xa2 ./Drivers/STM32G4xx_HAL_Driver/Src/stm32g4xx_ll_usb.o
                0x08008338                USB_EPSetStall
 .text.USB_EPClearStall
                0x080083da      0x152 ./Drivers/STM32G4xx_HAL_Driver/Src/stm32g4xx_ll_usb.o
                0x080083da                USB_EPClearStall
 .text.USB_SetDevAddress
                0x0800852c       0x28 ./Drivers/STM32G4xx_HAL_Driver/Src/stm32g4xx_ll_usb.o
                0x0800852c                USB_SetDevAddress
 .text.USB_DevConnect
                0x08008554       0x2e ./Drivers/STM32G4xx_HAL_Driver/Src/stm32g4xx_ll_usb.o
                0x08008554                USB_DevConnect
 .text.USB_ReadInterrupts
                0x08008582       0x20 ./Drivers/STM32G4xx_HAL_Driver/Src/stm32g4xx_ll_usb.o
                0x08008582                USB_ReadInterrupts
 .text.USB_WritePMA
                0x080085a2       0x86 ./Drivers/STM32G4xx_HAL_Driver/Src/stm32g4xx_ll_usb.o
                0x080085a2                USB_WritePMA
 .text.USB_ReadPMA
                0x08008628       0x98 ./Drivers/STM32G4xx_HAL_Driver/Src/stm32g4xx_ll_usb.o
                0x08008628                USB_ReadPMA
 .text.USBD_CDC_Init
                0x080086c0       0xfe ./Middlewares/ST/STM32_USB_Device_Library/Class/CDC/Src/usbd_cdc.o
 .text.USBD_CDC_DeInit
                0x080087be       0x74 ./Middlewares/ST/STM32_USB_Device_Library/Class/CDC/Src/usbd_cdc.o
 *fill*         0x08008832        0x2 
 .text.USBD_CDC_Setup
                0x08008834      0x190 ./Middlewares/ST/STM32_USB_Device_Library/Class/CDC/Src/usbd_cdc.o
 .text.USBD_CDC_DataIn
                0x080089c4       0xca ./Middlewares/ST/STM32_USB_Device_Library/Class/CDC/Src/usbd_cdc.o
 .text.USBD_CDC_DataOut
                0x08008a8e       0x56 ./Middlewares/ST/STM32_USB_Device_Library/Class/CDC/Src/usbd_cdc.o
 .text.USBD_CDC_EP0_RxReady
                0x08008ae4       0x58 ./Middlewares/ST/STM32_USB_Device_Library/Class/CDC/Src/usbd_cdc.o
 .text.USBD_CDC_GetFSCfgDesc
                0x08008b3c       0x20 ./Middlewares/ST/STM32_USB_Device_Library/Class/CDC/Src/usbd_cdc.o
 .text.USBD_CDC_GetHSCfgDesc
                0x08008b5c       0x20 ./Middlewares/ST/STM32_USB_Device_Library/Class/CDC/Src/usbd_cdc.o
 .text.USBD_CDC_GetOtherSpeedCfgDesc
                0x08008b7c       0x20 ./Middlewares/ST/STM32_USB_Device_Library/Class/CDC/Src/usbd_cdc.o
 .text.USBD_CDC_GetDeviceQualifierDescriptor
                0x08008b9c       0x20 ./Middlewares/ST/STM32_USB_Device_Library/Class/CDC/Src/usbd_cdc.o
                0x08008b9c                USBD_CDC_GetDeviceQualifierDescriptor
 .text.USBD_CDC_RegisterInterface
                0x08008bbc       0x2a ./Middlewares/ST/STM32_USB_Device_Library/Class/CDC/Src/usbd_cdc.o
                0x08008bbc                USBD_CDC_RegisterInterface
 .text.USBD_CDC_SetTxBuffer
                0x08008be6       0x3c ./Middlewares/ST/STM32_USB_Device_Library/Class/CDC/Src/usbd_cdc.o
                0x08008be6                USBD_CDC_SetTxBuffer
 .text.USBD_CDC_SetRxBuffer
                0x08008c22       0x32 ./Middlewares/ST/STM32_USB_Device_Library/Class/CDC/Src/usbd_cdc.o
                0x08008c22                USBD_CDC_SetRxBuffer
 .text.USBD_CDC_TransmitPacket
                0x08008c54       0x60 ./Middlewares/ST/STM32_USB_Device_Library/Class/CDC/Src/usbd_cdc.o
                0x08008c54                USBD_CDC_TransmitPacket
 .text.USBD_CDC_ReceivePacket
                0x08008cb4       0x54 ./Middlewares/ST/STM32_USB_Device_Library/Class/CDC/Src/usbd_cdc.o
                0x08008cb4                USBD_CDC_ReceivePacket
 .text.USBD_Init
                0x08008d08       0x60 ./Middlewares/ST/STM32_USB_Device_Library/Core/Src/usbd_core.o
                0x08008d08                USBD_Init
 .text.USBD_RegisterClass
                0x08008d68       0x4e ./Middlewares/ST/STM32_USB_Device_Library/Core/Src/usbd_core.o
                0x08008d68                USBD_RegisterClass
 .text.USBD_Start
                0x08008db6       0x18 ./Middlewares/ST/STM32_USB_Device_Library/Core/Src/usbd_core.o
                0x08008db6                USBD_Start
 .text.USBD_RunTestMode
                0x08008dce       0x16 ./Middlewares/ST/STM32_USB_Device_Library/Core/Src/usbd_core.o
                0x08008dce                USBD_RunTestMode
 .text.USBD_SetClassConfig
                0x08008de4       0x38 ./Middlewares/ST/STM32_USB_Device_Library/Core/Src/usbd_core.o
                0x08008de4                USBD_SetClassConfig
 .text.USBD_ClrClassConfig
                0x08008e1c       0x30 ./Middlewares/ST/STM32_USB_Device_Library/Core/Src/usbd_core.o
                0x08008e1c                USBD_ClrClassConfig
 .text.USBD_LL_SetupStage
                0x08008e4c       0xaa ./Middlewares/ST/STM32_USB_Device_Library/Core/Src/usbd_core.o
                0x08008e4c                USBD_LL_SetupStage
 .text.USBD_LL_DataOutStage
                0x08008ef6       0xc6 ./Middlewares/ST/STM32_USB_Device_Library/Core/Src/usbd_core.o
                0x08008ef6                USBD_LL_DataOutStage
 .text.USBD_LL_DataInStage
                0x08008fbc      0x12c ./Middlewares/ST/STM32_USB_Device_Library/Core/Src/usbd_core.o
                0x08008fbc                USBD_LL_DataInStage
 .text.USBD_LL_Reset
                0x080090e8       0x9c ./Middlewares/ST/STM32_USB_Device_Library/Core/Src/usbd_core.o
                0x080090e8                USBD_LL_Reset
 .text.USBD_LL_SetSpeed
                0x08009184       0x20 ./Middlewares/ST/STM32_USB_Device_Library/Core/Src/usbd_core.o
                0x08009184                USBD_LL_SetSpeed
 .text.USBD_LL_Suspend
                0x080091a4       0x2c ./Middlewares/ST/STM32_USB_Device_Library/Core/Src/usbd_core.o
                0x080091a4                USBD_LL_Suspend
 .text.USBD_LL_Resume
                0x080091d0       0x30 ./Middlewares/ST/STM32_USB_Device_Library/Core/Src/usbd_core.o
                0x080091d0                USBD_LL_Resume
 .text.USBD_LL_SOF
                0x08009200       0x44 ./Middlewares/ST/STM32_USB_Device_Library/Core/Src/usbd_core.o
                0x08009200                USBD_LL_SOF
 .text.SWAPBYTE
                0x08009244       0x3e ./Middlewares/ST/STM32_USB_Device_Library/Core/Src/usbd_ctlreq.o
 *fill*         0x08009282        0x2 
 .text.USBD_StdDevReq
                0x08009284       0xdc ./Middlewares/ST/STM32_USB_Device_Library/Core/Src/usbd_ctlreq.o
                0x08009284                USBD_StdDevReq
 .text.USBD_StdItfReq
                0x08009360       0x92 ./Middlewares/ST/STM32_USB_Device_Library/Core/Src/usbd_ctlreq.o
                0x08009360                USBD_StdItfReq
 .text.USBD_StdEPReq
                0x080093f2      0x2c4 ./Middlewares/ST/STM32_USB_Device_Library/Core/Src/usbd_ctlreq.o
                0x080093f2                USBD_StdEPReq
 *fill*         0x080096b6        0x2 
 .text.USBD_GetDescriptor
                0x080096b8      0x328 ./Middlewares/ST/STM32_USB_Device_Library/Core/Src/usbd_ctlreq.o
 .text.USBD_SetAddress
                0x080099e0       0x88 ./Middlewares/ST/STM32_USB_Device_Library/Core/Src/usbd_ctlreq.o
 .text.USBD_SetConfig
                0x08009a68      0x14c ./Middlewares/ST/STM32_USB_Device_Library/Core/Src/usbd_ctlreq.o
 .text.USBD_GetConfig
                0x08009bb4       0x6c ./Middlewares/ST/STM32_USB_Device_Library/Core/Src/usbd_ctlreq.o
 .text.USBD_GetStatus
                0x08009c20       0x68 ./Middlewares/ST/STM32_USB_Device_Library/Core/Src/usbd_ctlreq.o
 .text.USBD_SetFeature
                0x08009c88       0x28 ./Middlewares/ST/STM32_USB_Device_Library/Core/Src/usbd_ctlreq.o
 .text.USBD_ClrFeature
                0x08009cb0       0x44 ./Middlewares/ST/STM32_USB_Device_Library/Core/Src/usbd_ctlreq.o
 .text.USBD_ParseSetupRequest
                0x08009cf4       0x74 ./Middlewares/ST/STM32_USB_Device_Library/Core/Src/usbd_ctlreq.o
                0x08009cf4                USBD_ParseSetupRequest
 .text.USBD_CtlError
                0x08009d68       0x22 ./Middlewares/ST/STM32_USB_Device_Library/Core/Src/usbd_ctlreq.o
                0x08009d68                USBD_CtlError
 .text.USBD_GetString
                0x08009d8a       0x8c ./Middlewares/ST/STM32_USB_Device_Library/Core/Src/usbd_ctlreq.o
                0x08009d8a                USBD_GetString
 .text.USBD_GetLen
                0x08009e16       0x34 ./Middlewares/ST/STM32_USB_Device_Library/Core/Src/usbd_ctlreq.o
 .text.USBD_CtlSendData
                0x08009e4a       0x36 ./Middlewares/ST/STM32_USB_Device_Library/Core/Src/usbd_ioreq.o
                0x08009e4a                USBD_CtlSendData
 .text.USBD_CtlContinueSendData
                0x08009e80       0x22 ./Middlewares/ST/STM32_USB_Device_Library/Core/Src/usbd_ioreq.o
                0x08009e80                USBD_CtlContinueSendData
 .text.USBD_CtlPrepareRx
                0x08009ea2       0x3a ./Middlewares/ST/STM32_USB_Device_Library/Core/Src/usbd_ioreq.o
                0x08009ea2                USBD_CtlPrepareRx
 .text.USBD_CtlContinueRx
                0x08009edc       0x22 ./Middlewares/ST/STM32_USB_Device_Library/Core/Src/usbd_ioreq.o
                0x08009edc                USBD_CtlContinueRx
 .text.USBD_CtlSendStatus
                0x08009efe       0x26 ./Middlewares/ST/STM32_USB_Device_Library/Core/Src/usbd_ioreq.o
                0x08009efe                USBD_CtlSendStatus
 .text.USBD_CtlReceiveStatus
                0x08009f24       0x26 ./Middlewares/ST/STM32_USB_Device_Library/Core/Src/usbd_ioreq.o
                0x08009f24                USBD_CtlReceiveStatus
 *fill*         0x08009f4a        0x2 
 .text.MX_USB_Device_Init
                0x08009f4c       0x60 ./USB_Device/App/usb_device.o
                0x08009f4c                MX_USB_Device_Init
 .text.CDC_Init_FS
                0x08009fac       0x28 ./USB_Device/App/usbd_cdc_if.o
 .text.CDC_DeInit_FS
                0x08009fd4       0x10 ./USB_Device/App/usbd_cdc_if.o
 .text.CDC_Control_FS
                0x08009fe4       0xbc ./USB_Device/App/usbd_cdc_if.o
 .text.CDC_Receive_FS
                0x0800a0a0       0x30 ./USB_Device/App/usbd_cdc_if.o
 .text.CDC_Transmit_FS
                0x0800a0d0       0x4c ./USB_Device/App/usbd_cdc_if.o
                0x0800a0d0                CDC_Transmit_FS
 .text.CDC_TransmitCplt_FS
                0x0800a11c       0x22 ./USB_Device/App/usbd_cdc_if.o
 *fill*         0x0800a13e        0x2 
 .text.USBD_CDC_DeviceDescriptor
                0x0800a140       0x24 ./USB_Device/App/usbd_desc.o
                0x0800a140                USBD_CDC_DeviceDescriptor
 .text.USBD_CDC_LangIDStrDescriptor
                0x0800a164       0x24 ./USB_Device/App/usbd_desc.o
                0x0800a164                USBD_CDC_LangIDStrDescriptor
 .text.USBD_CDC_ProductStrDescriptor
                0x0800a188       0x3c ./USB_Device/App/usbd_desc.o
                0x0800a188                USBD_CDC_ProductStrDescriptor
 .text.USBD_CDC_ManufacturerStrDescriptor
                0x0800a1c4       0x28 ./USB_Device/App/usbd_desc.o
                0x0800a1c4                USBD_CDC_ManufacturerStrDescriptor
 .text.USBD_CDC_SerialStrDescriptor
                0x0800a1ec       0x24 ./USB_Device/App/usbd_desc.o
                0x0800a1ec                USBD_CDC_SerialStrDescriptor
 .text.USBD_CDC_ConfigStrDescriptor
                0x0800a210       0x3c ./USB_Device/App/usbd_desc.o
                0x0800a210                USBD_CDC_ConfigStrDescriptor
 .text.USBD_CDC_InterfaceStrDescriptor
                0x0800a24c       0x3c ./USB_Device/App/usbd_desc.o
                0x0800a24c                USBD_CDC_InterfaceStrDescriptor
 .text.Get_SerialNum
                0x0800a288       0x58 ./USB_Device/App/usbd_desc.o
 .text.IntToUnicode
                0x0800a2e0       0x7e ./USB_Device/App/usbd_desc.o
 *fill*         0x0800a35e        0x2 
 .text.HAL_PCD_MspInit
                0x0800a360       0x78 ./USB_Device/Target/usbd_conf.o
                0x0800a360                HAL_PCD_MspInit
 .text.HAL_PCD_SetupStageCallback
                0x0800a3d8       0x24 ./USB_Device/Target/usbd_conf.o
                0x0800a3d8                HAL_PCD_SetupStageCallback
 .text.HAL_PCD_DataOutStageCallback
                0x0800a3fc       0x36 ./USB_Device/Target/usbd_conf.o
                0x0800a3fc                HAL_PCD_DataOutStageCallback
 .text.HAL_PCD_DataInStageCallback
                0x0800a432       0x34 ./USB_Device/Target/usbd_conf.o
                0x0800a432                HAL_PCD_DataInStageCallback
 .text.HAL_PCD_SOFCallback
                0x0800a466       0x1c ./USB_Device/Target/usbd_conf.o
                0x0800a466                HAL_PCD_SOFCallback
 .text.HAL_PCD_ResetCallback
                0x0800a482       0x3c ./USB_Device/Target/usbd_conf.o
                0x0800a482                HAL_PCD_ResetCallback
 *fill*         0x0800a4be        0x2 
 .text.HAL_PCD_SuspendCallback
                0x0800a4c0       0x34 ./USB_Device/Target/usbd_conf.o
                0x0800a4c0                HAL_PCD_SuspendCallback
 .text.HAL_PCD_ResumeCallback
                0x0800a4f4       0x38 ./USB_Device/Target/usbd_conf.o
                0x0800a4f4                HAL_PCD_ResumeCallback
 .text.USBD_LL_Init
                0x0800a52c       0xc0 ./USB_Device/Target/usbd_conf.o
                0x0800a52c                USBD_LL_Init
 .text.USBD_LL_Start
                0x0800a5ec       0x36 ./USB_Device/Target/usbd_conf.o
                0x0800a5ec                USBD_LL_Start
 .text.USBD_LL_OpenEP
                0x0800a622       0x4c ./USB_Device/Target/usbd_conf.o
                0x0800a622                USBD_LL_OpenEP
 .text.USBD_LL_CloseEP
                0x0800a66e       0x3e ./USB_Device/Target/usbd_conf.o
                0x0800a66e                USBD_LL_CloseEP
 .text.USBD_LL_StallEP
                0x0800a6ac       0x3e ./USB_Device/Target/usbd_conf.o
                0x0800a6ac                USBD_LL_StallEP
 .text.USBD_LL_ClearStallEP
                0x0800a6ea       0x3e ./USB_Device/Target/usbd_conf.o
                0x0800a6ea                USBD_LL_ClearStallEP
 .text.USBD_LL_IsStallEP
                0x0800a728       0x58 ./USB_Device/Target/usbd_conf.o
                0x0800a728                USBD_LL_IsStallEP
 .text.USBD_LL_SetUSBAddress
                0x0800a780       0x3e ./USB_Device/Target/usbd_conf.o
                0x0800a780                USBD_LL_SetUSBAddress
 .text.USBD_LL_Transmit
                0x0800a7be       0x42 ./USB_Device/Target/usbd_conf.o
                0x0800a7be                USBD_LL_Transmit
 .text.USBD_LL_PrepareReceive
                0x0800a800       0x42 ./USB_Device/Target/usbd_conf.o
                0x0800a800                USBD_LL_PrepareReceive
 .text.USBD_LL_GetRxDataSize
                0x0800a842       0x26 ./USB_Device/Target/usbd_conf.o
                0x0800a842                USBD_LL_GetRxDataSize
 .text.HAL_PCDEx_LPM_Callback
                0x0800a868       0x6c ./USB_Device/Target/usbd_conf.o
                0x0800a868                HAL_PCDEx_LPM_Callback
 .text.USBD_static_malloc
                0x0800a8d4       0x1c ./USB_Device/Target/usbd_conf.o
                0x0800a8d4                USBD_static_malloc
 .text.USBD_static_free
                0x0800a8f0       0x14 ./USB_Device/Target/usbd_conf.o
                0x0800a8f0                USBD_static_free
 .text.SystemClockConfig_Resume
                0x0800a904        0xc ./USB_Device/Target/usbd_conf.o
 .text.USBD_Get_USB_Status
                0x0800a910       0x58 ./USB_Device/Target/usbd_conf.o
 .text.memset   0x0800a968       0x10 /Applications/STM32CubeIDE.app/Contents/Eclipse/plugins/com.st.stm32cube.ide.mcu.externaltools.gnu-tools-for-stm32.13.3.rel1.macos64_1.0.100.202509120712/tools/bin/../lib/gcc/arm-none-eabi/13.3.1/../../../../arm-none-eabi/lib/thumb/v7e-m+fp/hard/libc_nano.a(libc_a-memset.o)
                0x0800a968                memset
 .text.__libc_init_array
                0x0800a978       0x48 /Applications/STM32CubeIDE.app/Contents/Eclipse/plugins/com.st.stm32cube.ide.mcu.externaltools.gnu-tools-for-stm32.13.3.rel1.macos64_1.0.100.202509120712/tools/bin/../lib/gcc/arm-none-eabi/13.3.1/../../../../arm-none-eabi/lib/thumb/v7e-m+fp/hard/libc_nano.a(libc_a-init.o)
                0x0800a978                __libc_init_array
 .text.memcpy   0x0800a9c0       0x1c /Applications/STM32CubeIDE.app/Contents/Eclipse/plugins/com.st.stm32cube.ide.mcu.externaltools.gnu-tools-for-stm32.13.3.rel1.macos64_1.0.100.202509120712/tools/bin/../lib/gcc/arm-none-eabi/13.3.1/../../../../arm-none-eabi/lib/thumb/v7e-m+fp/hard/libc_nano.a(libc_a-memcpy-stub.o)
                0x0800a9c0                memcpy
 *(.glue_7)
 .glue_7        0x0800a9dc        0x0 linker stubs
 *(.glue_7t)
 .glue_7t       0x0800a9dc        0x0 linker stubs
 *(.eh_frame)
 .eh_frame      0x0800a9dc        0x0 /Applications/STM32CubeIDE.app/Contents/Eclipse/plugins/com.st.stm32cube.ide.mcu.externaltools.gnu-tools-for-stm32.13.3.rel1.macos64_1.0.100.202509120712/tools/bin/../lib/gcc/arm-none-eabi/13.3.1/thumb/v7e-m+fp/hard/crtbegin.o
 *(.init)
 .init          0x0800a9dc        0x4 /Applications/STM32CubeIDE.app/Contents/Eclipse/plugins/com.st.stm32cube.ide.mcu.externaltools.gnu-tools-for-stm32.13.3.rel1.macos64_1.0.100.202509120712/tools/bin/../lib/gcc/arm-none-eabi/13.3.1/thumb/v7e-m+fp/hard/crti.o
                0x0800a9dc                _init
 .init          0x0800a9e0        0x8 /Applications/STM32CubeIDE.app/Contents/Eclipse/plugins/com.st.stm32cube.ide.mcu.externaltools.gnu-tools-for-stm32.13.3.rel1.macos64_1.0.100.202509120712/tools/bin/../lib/gcc/arm-none-eabi/13.3.1/thumb/v7e-m+fp/hard/crtn.o
 *(.fini)
 .fini          0x0800a9e8        0x4 /Applications/STM32CubeIDE.app/Contents/Eclipse/plugins/com.st.stm32cube.ide.mcu.externaltools.gnu-tools-for-stm32.13.3.rel1.macos64_1.0.100.202509120712/tools/bin/../lib/gcc/arm-none-eabi/13.3.1/thumb/v7e-m+fp/hard/crti.o
                0x0800a9e8                _fini
 .fini          0x0800a9ec        0x8 /Applications/STM32CubeIDE.app/Contents/Eclipse/plugins/com.st.stm32cube.ide.mcu.externaltools.gnu-tools-for-stm32.13.3.rel1.macos64_1.0.100.202509120712/tools/bin/../lib/gcc/arm-none-eabi/13.3.1/thumb/v7e-m+fp/hard/crtn.o
                0x0800a9f4                        . = ALIGN (0x4)
                0x0800a9f4                        _etext = .

.vfp11_veneer   0x0800a9f4        0x0
 .vfp11_veneer  0x0800a9f4        0x0 linker stubs

.v4_bx          0x0800a9f4        0x0
 .v4_bx         0x0800a9f4        0x0 linker stubs

.iplt           0x0800a9f4        0x0
 .iplt          0x0800a9f4        0x0 /Applications/STM32CubeIDE.app/Contents/Eclipse/plugins/com.st.stm32cube.ide.mcu.externaltools.gnu-tools-for-stm32.13.3.rel1.macos64_1.0.100.202509120712/tools/bin/../lib/gcc/arm-none-eabi/13.3.1/thumb/v7e-m+fp/hard/crtbegin.o

.rodata         0x0800a9f4       0x58
                0x0800a9f4                        . = ALIGN (0x4)
 *(.rodata)
 .rodata        0x0800a9f4       0x46 ./USB_Device/App/usbd_desc.o
 *(.rodata*)
 *fill*         0x0800aa3a        0x2 
 .rodata.AHBPrescTable
                0x0800aa3c       0x10 ./Core/Src/system_stm32g4xx.o
                0x0800aa3c                AHBPrescTable
                0x0800aa4c                        . = ALIGN (0x4)

.ARM.extab      0x0800aa4c        0x0
                0x0800aa4c                        . = ALIGN (0x4)
 *(.ARM.extab* .gnu.linkonce.armextab.*)
                0x0800aa4c                        . = ALIGN (0x4)

.ARM            0x0800aa4c        0x0
                0x0800aa4c                        . = ALIGN (0x4)
                0x0800aa4c                        __exidx_start = .
 *(.ARM.exidx*)
                0x0800aa4c                        __exidx_end = .
                0x0800aa4c                        . = ALIGN (0x4)

.preinit_array  0x0800aa4c        0x0
                0x0800aa4c                        . = ALIGN (0x4)
                0x0800aa4c                        PROVIDE (__preinit_array_start = .)
 *(.preinit_array*)
                0x0800aa4c                        PROVIDE (__preinit_array_end = .)
                0x0800aa4c                        . = ALIGN (0x4)

.init_array     0x0800aa4c        0x4
                0x0800aa4c                        . = ALIGN (0x4)
                0x0800aa4c                        PROVIDE (__init_array_start = .)
 *(SORT_BY_NAME(.init_array.*))
 *(.init_array*)
 .init_array    0x0800aa4c        0x4 /Applications/STM32CubeIDE.app/Contents/Eclipse/plugins/com.st.stm32cube.ide.mcu.externaltools.gnu-tools-for-stm32.13.3.rel1.macos64_1.0.100.202509120712/tools/bin/../lib/gcc/arm-none-eabi/13.3.1/thumb/v7e-m+fp/hard/crtbegin.o
                0x0800aa50                        PROVIDE (__init_array_end = .)
                0x0800aa50                        . = ALIGN (0x4)

.fini_array     0x0800aa50        0x4
                0x0800aa50                        . = ALIGN (0x4)
                [!provide]                        PROVIDE (__fini_array_start = .)
 *(SORT_BY_NAME(.fini_array.*))
 *(.fini_array*)
 .fini_array    0x0800aa50        0x4 /Applications/STM32CubeIDE.app/Contents/Eclipse/plugins/com.st.stm32cube.ide.mcu.externaltools.gnu-tools-for-stm32.13.3.rel1.macos64_1.0.100.202509120712/tools/bin/../lib/gcc/arm-none-eabi/13.3.1/thumb/v7e-m+fp/hard/crtbegin.o
                [!provide]                        PROVIDE (__fini_array_end = .)
                0x0800aa54                        . = ALIGN (0x4)
                0x0800aa54                        _sidata = LOADADDR (.data)

.rel.dyn        0x0800aa54        0x0
 .rel.iplt      0x0800aa54        0x0 /Applications/STM32CubeIDE.app/Contents/Eclipse/plugins/com.st.stm32cube.ide.mcu.externaltools.gnu-tools-for-stm32.13.3.rel1.macos64_1.0.100.202509120712/tools/bin/../lib/gcc/arm-none-eabi/13.3.1/thumb/v7e-m+fp/hard/crtbegin.o

.data           0x20000000      0x194 load address 0x0800aa54
                0x20000000                        . = ALIGN (0x4)
                0x20000000                        _sdata = .
 *(.data)
 *(.data*)
 .data.feedback
                0x20000000        0x8 ./Core/Src/main.o
                0x20000000                feedback
 .data.kp.1     0x20000008        0x4 ./Core/Src/main.o
 .data.ki.0     0x2000000c        0x4 ./Core/Src/main.o
 .data.SystemCoreClock
                0x20000010        0x4 ./Core/Src/system_stm32g4xx.o
                0x20000010                SystemCoreClock
 .data.uwTickPrio
                0x20000014        0x4 ./Drivers/STM32G4xx_HAL_Driver/Src/stm32g4xx_hal.o
                0x20000014                uwTickPrio
 .data.uwTickFreq
                0x20000018        0x4 ./Drivers/STM32G4xx_HAL_Driver/Src/stm32g4xx_hal.o
                0x20000018                uwTickFreq
 .data.USBD_CDC_DeviceQualifierDesc
                0x2000001c        0xa ./Middlewares/ST/STM32_USB_Device_Library/Class/CDC/Src/usbd_cdc.o
 *fill*         0x20000026        0x2 
 .data.USBD_CDC
                0x20000028       0x38 ./Middlewares/ST/STM32_USB_Device_Library/Class/CDC/Src/usbd_cdc.o
                0x20000028                USBD_CDC
 .data.USBD_CDC_CfgHSDesc
                0x20000060       0x43 ./Middlewares/ST/STM32_USB_Device_Library/Class/CDC/Src/usbd_cdc.o
 *fill*         0x200000a3        0x1 
 .data.USBD_CDC_CfgFSDesc
                0x200000a4       0x43 ./Middlewares/ST/STM32_USB_Device_Library/Class/CDC/Src/usbd_cdc.o
 *fill*         0x200000e7        0x1 
 .data.USBD_CDC_OtherSpeedCfgDesc
                0x200000e8       0x43 ./Middlewares/ST/STM32_USB_Device_Library/Class/CDC/Src/usbd_cdc.o
 *fill*         0x2000012b        0x1 
 .data.USBD_Interface_fops_FS
                0x2000012c       0x14 ./USB_Device/App/usbd_cdc_if.o
                0x2000012c                USBD_Interface_fops_FS
 .data.CDC_Desc
                0x20000140       0x20 ./USB_Device/App/usbd_desc.o
                0x20000140                CDC_Desc
 .data.USBD_CDC_DeviceDesc
                0x20000160       0x12 ./USB_Device/App/usbd_desc.o
                0x20000160                USBD_CDC_DeviceDesc
 *fill*         0x20000172        0x2 
 .data.USBD_LangIDDesc
                0x20000174        0x4 ./USB_Device/App/usbd_desc.o
                0x20000174                USBD_LangIDDesc
 .data.USBD_StringSerial
                0x20000178       0x1a ./USB_Device/App/usbd_desc.o
                0x20000178                USBD_StringSerial
 *(.RamFunc)
 *(.RamFunc*)
                0x20000194                        . = ALIGN (0x4)
 *fill*         0x20000192        0x2 
                0x20000194                        _edata = .

.igot.plt       0x20000194        0x0 load address 0x0800abe8
 .igot.plt      0x20000194        0x0 /Applications/STM32CubeIDE.app/Contents/Eclipse/plugins/com.st.stm32cube.ide.mcu.externaltools.gnu-tools-for-stm32.13.3.rel1.macos64_1.0.100.202509120712/tools/bin/../lib/gcc/arm-none-eabi/13.3.1/thumb/v7e-m+fp/hard/crtbegin.o
                0x20000194                        . = ALIGN (0x4)

.bss            0x20000194     0x14fc load address 0x0800abe8
                0x20000194                        _sbss = .
                0x20000194                        __bss_start__ = _sbss
 *(.bss)
 .bss           0x20000194       0x1c /Applications/STM32CubeIDE.app/Contents/Eclipse/plugins/com.st.stm32cube.ide.mcu.externaltools.gnu-tools-for-stm32.13.3.rel1.macos64_1.0.100.202509120712/tools/bin/../lib/gcc/arm-none-eabi/13.3.1/thumb/v7e-m+fp/hard/crtbegin.o
 *(.bss*)
 .bss.hadc2     0x200001b0       0x6c ./Core/Src/main.o
                0x200001b0                hadc2
 .bss.htim1     0x2000021c       0x4c ./Core/Src/main.o
                0x2000021c                htim1
 .bss.htim2     0x20000268       0x4c ./Core/Src/main.o
                0x20000268                htim2
 .bss.htim3     0x200002b4       0x4c ./Core/Src/main.o
                0x200002b4                htim3
 .bss.htim4     0x20000300       0x4c ./Core/Src/main.o
                0x20000300                htim4
 .bss.htim6     0x2000034c       0x4c ./Core/Src/main.o
                0x2000034c                htim6
 .bss.htim8     0x20000398       0x4c ./Core/Src/main.o
                0x20000398                htim8
 .bss.htim16    0x200003e4       0x4c ./Core/Src/main.o
                0x200003e4                htim16
 .bss.htim17    0x20000430       0x4c ./Core/Src/main.o
                0x20000430                htim17
 .bss.command   0x2000047c        0xa ./Core/Src/main.o
                0x2000047c                command
 *fill*         0x20000486        0x2 
 .bss.motor1    0x20000488       0x10 ./Core/Src/main.o
                0x20000488                motor1
 .bss.motor2    0x20000498       0x10 ./Core/Src/main.o
                0x20000498                motor2
 .bss.motor3    0x200004a8       0x10 ./Core/Src/main.o
                0x200004a8                motor3
 .bss.isCommandReceived
                0x200004b8        0x1 ./Core/Src/main.o
                0x200004b8                isCommandReceived
 *fill*         0x200004b9        0x3 
 .bss.uwTick    0x200004bc        0x4 ./Drivers/STM32G4xx_HAL_Driver/Src/stm32g4xx_hal.o
                0x200004bc                uwTick
 .bss.cfgidx.0  0x200004c0        0x1 ./Middlewares/ST/STM32_USB_Device_Library/Core/Src/usbd_ctlreq.o
 *fill*         0x200004c1        0x3 
 .bss.hUsbDeviceFS
                0x200004c4      0x2d0 ./USB_Device/App/usb_device.o
                0x200004c4                hUsbDeviceFS
 .bss.UserRxBufferFS
                0x20000794      0x400 ./USB_Device/App/usbd_cdc_if.o
                0x20000794                UserRxBufferFS
 .bss.UserTxBufferFS
                0x20000b94      0x400 ./USB_Device/App/usbd_cdc_if.o
                0x20000b94                UserTxBufferFS
 .bss.USBD_StrDesc
                0x20000f94      0x200 ./USB_Device/App/usbd_desc.o
                0x20000f94                USBD_StrDesc
 .bss.hpcd_USB_FS
                0x20001194      0x2dc ./USB_Device/Target/usbd_conf.o
                0x20001194                hpcd_USB_FS
 .bss.mem.0     0x20001470      0x220 ./USB_Device/Target/usbd_conf.o
 *(COMMON)
                0x20001690                        . = ALIGN (0x4)
                0x20001690                        _ebss = .
                0x20001690                        __bss_end__ = _ebss

._user_heap_stack
                0x20001690      0x600 load address 0x0800abe8
                0x20001690                        . = ALIGN (0x8)
                [!provide]                        PROVIDE (end = .)
                0x20001690                        PROVIDE (_end = .)
                0x20001890                        . = (. + _Min_Heap_Size)
 *fill*         0x20001690      0x200 
                0x20001c90                        . = (. + _Min_Stack_Size)
 *fill*         0x20001890      0x400 
                0x20001c90                        . = ALIGN (0x8)

/DISCARD/
 libc.a(*)
 libm.a(*)
 libgcc.a(*)

.ARM.attributes
                0x00000000       0x30
 *(.ARM.attributes)
 .ARM.attributes
                0x00000000       0x22 /Applications/STM32CubeIDE.app/Contents/Eclipse/plugins/com.st.stm32cube.ide.mcu.externaltools.gnu-tools-for-stm32.13.3.rel1.macos64_1.0.100.202509120712/tools/bin/../lib/gcc/arm-none-eabi/13.3.1/thumb/v7e-m+fp/hard/crti.o
 .ARM.attributes
                0x00000022       0x34 /Applications/STM32CubeIDE.app/Contents/Eclipse/plugins/com.st.stm32cube.ide.mcu.externaltools.gnu-tools-for-stm32.13.3.rel1.macos64_1.0.100.202509120712/tools/bin/../lib/gcc/arm-none-eabi/13.3.1/thumb/v7e-m+fp/hard/crtbegin.o
 .ARM.attributes
                0x00000056       0x34 ./Core/Src/main.o
 .ARM.attributes
                0x0000008a       0x34 ./Core/Src/stm32g4xx_hal_msp.o
 .ARM.attributes
                0x000000be       0x34 ./Core/Src/stm32g4xx_it.o
 .ARM.attributes
                0x000000f2       0x34 ./Core/Src/system_stm32g4xx.o
 .ARM.attributes
                0x00000126       0x21 ./Core/Startup/startup_stm32g441kbtx.o
 .ARM.attributes
                0x00000147       0x34 ./Drivers/STM32G4xx_HAL_Driver/Src/stm32g4xx_hal.o
 .ARM.attributes
                0x0000017b       0x34 ./Drivers/STM32G4xx_HAL_Driver/Src/stm32g4xx_hal_adc.o
 .ARM.attributes
                0x000001af       0x34 ./Drivers/STM32G4xx_HAL_Driver/Src/stm32g4xx_hal_cortex.o
 .ARM.attributes
                0x000001e3       0x34 ./Drivers/STM32G4xx_HAL_Driver/Src/stm32g4xx_hal_gpio.o
 .ARM.attributes
                0x00000217       0x34 ./Drivers/STM32G4xx_HAL_Driver/Src/stm32g4xx_hal_pcd.o
 .ARM.attributes
                0x0000024b       0x34 ./Drivers/STM32G4xx_HAL_Driver/Src/stm32g4xx_hal_pcd_ex.o
 .ARM.attributes
                0x0000027f       0x34 ./Drivers/STM32G4xx_HAL_Driver/Src/stm32g4xx_hal_pwr_ex.o
 .ARM.attributes
                0x000002b3       0x34 ./Drivers/STM32G4xx_HAL_Driver/Src/stm32g4xx_hal_rcc.o
 .ARM.attributes
                0x000002e7       0x34 ./Drivers/STM32G4xx_HAL_Driver/Src/stm32g4xx_hal_rcc_ex.o
 .ARM.attributes
                0x0000031b       0x34 ./Drivers/STM32G4xx_HAL_Driver/Src/stm32g4xx_hal_tim.o
 .ARM.attributes
                0x0000034f       0x34 ./Drivers/STM32G4xx_HAL_Driver/Src/stm32g4xx_hal_tim_ex.o
 .ARM.attributes
                0x00000383       0x34 ./Drivers/STM32G4xx_HAL_Driver/Src/stm32g4xx_ll_usb.o
 .ARM.attributes
                0x000003b7       0x34 ./Middlewares/ST/STM32_USB_Device_Library/Class/CDC/Src/usbd_cdc.o
 .ARM.attributes
                0x000003eb       0x34 ./Middlewares/ST/STM32_USB_Device_Library/Core/Src/usbd_core.o
 .ARM.attributes
                0x0000041f       0x34 ./Middlewares/ST/STM32_USB_Device_Library/Core/Src/usbd_ctlreq.o
 .ARM.attributes
                0x00000453       0x34 ./Middlewares/ST/STM32_USB_Device_Library/Core/Src/usbd_ioreq.o
 .ARM.attributes
                0x00000487       0x34 ./USB_Device/App/usb_device.o
 .ARM.attributes
                0x000004bb       0x34 ./USB_Device/App/usbd_cdc_if.o
 .ARM.attributes
                0x000004ef       0x34 ./USB_Device/App/usbd_desc.o
 .ARM.attributes
                0x00000523       0x34 ./USB_Device/Target/usbd_conf.o
 .ARM.attributes
                0x00000557       0x34 /Applications/STM32CubeIDE.app/Contents/Eclipse/plugins/com.st.stm32cube.ide.mcu.externaltools.gnu-tools-for-stm32.13.3.rel1.macos64_1.0.100.202509120712/tools/bin/../lib/gcc/arm-none-eabi/13.3.1/../../../../arm-none-eabi/lib/thumb/v7e-m+fp/hard/libc_nano.a(libc_a-memset.o)
 .ARM.attributes
                0x0000058b       0x34 /Applications/STM32CubeIDE.app/Contents/Eclipse/plugins/com.st.stm32cube.ide.mcu.externaltools.gnu-tools-for-stm32.13.3.rel1.macos64_1.0.100.202509120712/tools/bin/../lib/gcc/arm-none-eabi/13.3.1/../../../../arm-none-eabi/lib/thumb/v7e-m+fp/hard/libc_nano.a(libc_a-init.o)
 .ARM.attributes
                0x000005bf       0x34 /Applications/STM32CubeIDE.app/Contents/Eclipse/plugins/com.st.stm32cube.ide.mcu.externaltools.gnu-tools-for-stm32.13.3.rel1.macos64_1.0.100.202509120712/tools/bin/../lib/gcc/arm-none-eabi/13.3.1/../../../../arm-none-eabi/lib/thumb/v7e-m+fp/hard/libc_nano.a(libc_a-memcpy-stub.o)
 .ARM.attributes
                0x000005f3       0x22 /Applications/STM32CubeIDE.app/Contents/Eclipse/plugins/com.st.stm32cube.ide.mcu.externaltools.gnu-tools-for-stm32.13.3.rel1.macos64_1.0.100.202509120712/tools/bin/../lib/gcc/arm-none-eabi/13.3.1/thumb/v7e-m+fp/hard/crtn.o
OUTPUT(picr_1_9tdi.elf elf32-littlearm)
LOAD linker stubs
LOAD /Applications/STM32CubeIDE.app/Contents/Eclipse/plugins/com.st.stm32cube.ide.mcu.externaltools.gnu-tools-for-stm32.13.3.rel1.macos64_1.0.100.202509120712/tools/bin/../lib/gcc/arm-none-eabi/13.3.1/../../../../arm-none-eabi/lib/thumb/v7e-m+fp/hard/libc.a
LOAD /Applications/STM32CubeIDE.app/Contents/Eclipse/plugins/com.st.stm32cube.ide.mcu.externaltools.gnu-tools-for-stm32.13.3.rel1.macos64_1.0.100.202509120712/tools/bin/../lib/gcc/arm-none-eabi/13.3.1/../../../../arm-none-eabi/lib/thumb/v7e-m+fp/hard/libm.a
LOAD /Applications/STM32CubeIDE.app/Contents/Eclipse/plugins/com.st.stm32cube.ide.mcu.externaltools.gnu-tools-for-stm32.13.3.rel1.macos64_1.0.100.202509120712/tools/bin/../lib/gcc/arm-none-eabi/13.3.1/thumb/v7e-m+fp/hard/libgcc.a

.debug_info     0x00000000    0x1860a
 .debug_info    0x00000000     0x1f1d ./Core/Src/main.o
 .debug_info    0x00001f1d     0x16e6 ./Core/Src/stm32g4xx_hal_msp.o
 .debug_info    0x00003603      0xd8c ./Core/Src/stm32g4xx_it.o
 .debug_info    0x0000438f      0x58e ./Core/Src/system_stm32g4xx.o
 .debug_info    0x0000491d       0x30 ./Core/Startup/startup_stm32g441kbtx.o
 .debug_info    0x0000494d      0xae1 ./Drivers/STM32G4xx_HAL_Driver/Src/stm32g4xx_hal.o
 .debug_info    0x0000542e     0x2063 ./Drivers/STM32G4xx_HAL_Driver/Src/stm32g4xx_hal_adc.o
 .debug_info    0x00007491      0xd45 ./Drivers/STM32G4xx_HAL_Driver/Src/stm32g4xx_hal_cortex.o
 .debug_info    0x000081d6      0x763 ./Drivers/STM32G4xx_HAL_Driver/Src/stm32g4xx_hal_gpio.o
 .debug_info    0x00008939     0x1610 ./Drivers/STM32G4xx_HAL_Driver/Src/stm32g4xx_hal_pcd.o
 .debug_info    0x00009f49      0x80a ./Drivers/STM32G4xx_HAL_Driver/Src/stm32g4xx_hal_pcd_ex.o
 .debug_info    0x0000a753      0x93f ./Drivers/STM32G4xx_HAL_Driver/Src/stm32g4xx_hal_pwr_ex.o
 .debug_info    0x0000b092      0xb82 ./Drivers/STM32G4xx_HAL_Driver/Src/stm32g4xx_hal_rcc.o
 .debug_info    0x0000bc14      0xc15 ./Drivers/STM32G4xx_HAL_Driver/Src/stm32g4xx_hal_rcc_ex.o
 .debug_info    0x0000c829     0x2c52 ./Drivers/STM32G4xx_HAL_Driver/Src/stm32g4xx_hal_tim.o
 .debug_info    0x0000f47b     0x1d95 ./Drivers/STM32G4xx_HAL_Driver/Src/stm32g4xx_hal_tim_ex.o
 .debug_info    0x00011210     0x1577 ./Drivers/STM32G4xx_HAL_Driver/Src/stm32g4xx_ll_usb.o
 .debug_info    0x00012787     0x1124 ./Middlewares/ST/STM32_USB_Device_Library/Class/CDC/Src/usbd_cdc.o
 .debug_info    0x000138ab      0xb1b ./Middlewares/ST/STM32_USB_Device_Library/Core/Src/usbd_core.o
 .debug_info    0x000143c6      0xa57 ./Middlewares/ST/STM32_USB_Device_Library/Core/Src/usbd_ctlreq.o
 .debug_info    0x00014e1d      0x720 ./Middlewares/ST/STM32_USB_Device_Library/Core/Src/usbd_ioreq.o
 .debug_info    0x0001553d      0x6d7 ./USB_Device/App/usb_device.o
 .debug_info    0x00015c14      0x8d5 ./USB_Device/App/usbd_cdc_if.o
 .debug_info    0x000164e9      0x45f ./USB_Device/App/usbd_desc.o
 .debug_info    0x00016948     0x1cc2 ./USB_Device/Target/usbd_conf.o

.debug_abbrev   0x00000000     0x3a69
 .debug_abbrev  0x00000000      0x3b7 ./Core/Src/main.o
 .debug_abbrev  0x000003b7      0x2a0 ./Core/Src/stm32g4xx_hal_msp.o
 .debug_abbrev  0x00000657      0x1f6 ./Core/Src/stm32g4xx_it.o
 .debug_abbrev  0x0000084d      0x11a ./Core/Src/system_stm32g4xx.o
 .debug_abbrev  0x00000967       0x24 ./Core/Startup/startup_stm32g441kbtx.o
 .debug_abbrev  0x0000098b      0x271 ./Drivers/STM32G4xx_HAL_Driver/Src/stm32g4xx_hal.o
 .debug_abbrev  0x00000bfc      0x2d3 ./Drivers/STM32G4xx_HAL_Driver/Src/stm32g4xx_hal_adc.o
 .debug_abbrev  0x00000ecf      0x31c ./Drivers/STM32G4xx_HAL_Driver/Src/stm32g4xx_hal_cortex.o
 .debug_abbrev  0x000011eb      0x1cb ./Drivers/STM32G4xx_HAL_Driver/Src/stm32g4xx_hal_gpio.o
 .debug_abbrev  0x000013b6      0x2b9 ./Drivers/STM32G4xx_HAL_Driver/Src/stm32g4xx_hal_pcd.o
 .debug_abbrev  0x0000166f      0x228 ./Drivers/STM32G4xx_HAL_Driver/Src/stm32g4xx_hal_pcd_ex.o
 .debug_abbrev  0x00001897      0x22c ./Drivers/STM32G4xx_HAL_Driver/Src/stm32g4xx_hal_pwr_ex.o
 .debug_abbrev  0x00001ac3      0x2c9 ./Drivers/STM32G4xx_HAL_Driver/Src/stm32g4xx_hal_rcc.o
 .debug_abbrev  0x00001d8c      0x258 ./Drivers/STM32G4xx_HAL_Driver/Src/stm32g4xx_hal_rcc_ex.o
 .debug_abbrev  0x00001fe4      0x2a7 ./Drivers/STM32G4xx_HAL_Driver/Src/stm32g4xx_hal_tim.o
 .debug_abbrev  0x0000228b      0x2c5 ./Drivers/STM32G4xx_HAL_Driver/Src/stm32g4xx_hal_tim_ex.o
 .debug_abbrev  0x00002550      0x247 ./Drivers/STM32G4xx_HAL_Driver/Src/stm32g4xx_ll_usb.o
 .debug_abbrev  0x00002797      0x2bc ./Middlewares/ST/STM32_USB_Device_Library/Class/CDC/Src/usbd_cdc.o
 .debug_abbrev  0x00002a53      0x24f ./Middlewares/ST/STM32_USB_Device_Library/Core/Src/usbd_core.o
 .debug_abbrev  0x00002ca2      0x27e ./Middlewares/ST/STM32_USB_Device_Library/Core/Src/usbd_ctlreq.o
 .debug_abbrev  0x00002f20      0x1a9 ./Middlewares/ST/STM32_USB_Device_Library/Core/Src/usbd_ioreq.o
 .debug_abbrev  0x000030c9      0x1a4 ./USB_Device/App/usb_device.o
 .debug_abbrev  0x0000326d      0x2c2 ./USB_Device/App/usbd_cdc_if.o
 .debug_abbrev  0x0000352f      0x20e ./USB_Device/App/usbd_desc.o
 .debug_abbrev  0x0000373d      0x32c ./USB_Device/Target/usbd_conf.o

.debug_aranges  0x00000000     0x1618
 .debug_aranges
                0x00000000       0xd0 ./Core/Src/main.o
 .debug_aranges
                0x000000d0       0x68 ./Core/Src/stm32g4xx_hal_msp.o
 .debug_aranges
                0x00000138       0x70 ./Core/Src/stm32g4xx_it.o
 .debug_aranges
                0x000001a8       0x28 ./Core/Src/system_stm32g4xx.o
 .debug_aranges
                0x000001d0       0x28 ./Core/Startup/startup_stm32g441kbtx.o
 .debug_aranges
                0x000001f8      0x148 ./Drivers/STM32G4xx_HAL_Driver/Src/stm32g4xx_hal.o
 .debug_aranges
                0x00000340      0x248 ./Drivers/STM32G4xx_HAL_Driver/Src/stm32g4xx_hal_adc.o
 .debug_aranges
                0x00000588      0x128 ./Drivers/STM32G4xx_HAL_Driver/Src/stm32g4xx_hal_cortex.o
 .debug_aranges
                0x000006b0       0x58 ./Drivers/STM32G4xx_HAL_Driver/Src/stm32g4xx_hal_gpio.o
 .debug_aranges
                0x00000708      0x138 ./Drivers/STM32G4xx_HAL_Driver/Src/stm32g4xx_hal_pcd.o
 .debug_aranges
                0x00000840       0x58 ./Drivers/STM32G4xx_HAL_Driver/Src/stm32g4xx_hal_pcd_ex.o
 .debug_aranges
                0x00000898      0x140 ./Drivers/STM32G4xx_HAL_Driver/Src/stm32g4xx_hal_pwr_ex.o
 .debug_aranges
                0x000009d8       0x98 ./Drivers/STM32G4xx_HAL_Driver/Src/stm32g4xx_hal_rcc.o
 .debug_aranges
                0x00000a70       0xb0 ./Drivers/STM32G4xx_HAL_Driver/Src/stm32g4xx_hal_rcc_ex.o
 .debug_aranges
                0x00000b20      0x3e0 ./Drivers/STM32G4xx_HAL_Driver/Src/stm32g4xx_hal_tim.o
 .debug_aranges
                0x00000f00      0x240 ./Drivers/STM32G4xx_HAL_Driver/Src/stm32g4xx_hal_tim_ex.o
 .debug_aranges
                0x00001140       0xc8 ./Drivers/STM32G4xx_HAL_Driver/Src/stm32g4xx_ll_usb.o
 .debug_aranges
                0x00001208       0x90 ./Middlewares/ST/STM32_USB_Device_Library/Class/CDC/Src/usbd_cdc.o
 .debug_aranges
                0x00001298       0xb8 ./Middlewares/ST/STM32_USB_Device_Library/Core/Src/usbd_core.o
 .debug_aranges
                0x00001350       0x90 ./Middlewares/ST/STM32_USB_Device_Library/Core/Src/usbd_ctlreq.o
 .debug_aranges
                0x000013e0       0x50 ./Middlewares/ST/STM32_USB_Device_Library/Core/Src/usbd_ioreq.o
 .debug_aranges
                0x00001430       0x20 ./USB_Device/App/usb_device.o
 .debug_aranges
                0x00001450       0x48 ./USB_Device/App/usbd_cdc_if.o
 .debug_aranges
                0x00001498       0x60 ./USB_Device/App/usbd_desc.o
 .debug_aranges
                0x000014f8      0x120 ./USB_Device/Target/usbd_conf.o

.debug_rnglists
                0x00000000     0x10d8
 .debug_rnglists
                0x00000000       0xa4 ./Core/Src/main.o
 .debug_rnglists
                0x000000a4       0x4e ./Core/Src/stm32g4xx_hal_msp.o
 .debug_rnglists
                0x000000f2       0x4f ./Core/Src/stm32g4xx_it.o
 .debug_rnglists
                0x00000141       0x1a ./Core/Src/system_stm32g4xx.o
 .debug_rnglists
                0x0000015b       0x19 ./Core/Startup/startup_stm32g441kbtx.o
 .debug_rnglists
                0x00000174       0xf1 ./Drivers/STM32G4xx_HAL_Driver/Src/stm32g4xx_hal.o
 .debug_rnglists
                0x00000265      0x1c0 ./Drivers/STM32G4xx_HAL_Driver/Src/stm32g4xx_hal_adc.o
 .debug_rnglists
                0x00000425       0xda ./Drivers/STM32G4xx_HAL_Driver/Src/stm32g4xx_hal_cortex.o
 .debug_rnglists
                0x000004ff       0x3f ./Drivers/STM32G4xx_HAL_Driver/Src/stm32g4xx_hal_gpio.o
 .debug_rnglists
                0x0000053e       0xee ./Drivers/STM32G4xx_HAL_Driver/Src/stm32g4xx_hal_pcd.o
 .debug_rnglists
                0x0000062c       0x3f ./Drivers/STM32G4xx_HAL_Driver/Src/stm32g4xx_hal_pcd_ex.o
 .debug_rnglists
                0x0000066b       0xf1 ./Drivers/STM32G4xx_HAL_Driver/Src/stm32g4xx_hal_pwr_ex.o
 .debug_rnglists
                0x0000075c       0x74 ./Drivers/STM32G4xx_HAL_Driver/Src/stm32g4xx_hal_rcc.o
 .debug_rnglists
                0x000007d0       0x87 ./Drivers/STM32G4xx_HAL_Driver/Src/stm32g4xx_hal_rcc_ex.o
 .debug_rnglists
                0x00000857      0x328 ./Drivers/STM32G4xx_HAL_Driver/Src/stm32g4xx_hal_tim.o
 .debug_rnglists
                0x00000b7f      0x1cc ./Drivers/STM32G4xx_HAL_Driver/Src/stm32g4xx_hal_tim_ex.o
 .debug_rnglists
                0x00000d4b       0x99 ./Drivers/STM32G4xx_HAL_Driver/Src/stm32g4xx_ll_usb.o
 .debug_rnglists
                0x00000de4       0x6a ./Middlewares/ST/STM32_USB_Device_Library/Class/CDC/Src/usbd_cdc.o
 .debug_rnglists
                0x00000e4e       0x89 ./Middlewares/ST/STM32_USB_Device_Library/Core/Src/usbd_core.o
 .debug_rnglists
                0x00000ed7       0x6e ./Middlewares/ST/STM32_USB_Device_Library/Core/Src/usbd_ctlreq.o
 .debug_rnglists
                0x00000f45       0x37 ./Middlewares/ST/STM32_USB_Device_Library/Core/Src/usbd_ioreq.o
 .debug_rnglists
                0x00000f7c       0x13 ./USB_Device/App/usb_device.o
 .debug_rnglists
                0x00000f8f       0x32 ./USB_Device/App/usbd_cdc_if.o
 .debug_rnglists
                0x00000fc1       0x43 ./USB_Device/App/usbd_desc.o
 .debug_rnglists
                0x00001004       0xd4 ./USB_Device/Target/usbd_conf.o

.debug_macro    0x00000000    0x22815
 .debug_macro   0x00000000      0x3be ./Core/Src/main.o
 .debug_macro   0x000003be      0xad8 ./Core/Src/main.o
 .debug_macro   0x00000e96      0x161 ./Core/Src/main.o
 .debug_macro   0x00000ff7       0x2e ./Core/Src/main.o
 .debug_macro   0x00001025       0x28 ./Core/Src/main.o
 .debug_macro   0x0000104d       0x22 ./Core/Src/main.o
 .debug_macro   0x0000106f       0x8e ./Core/Src/main.o
 .debug_macro   0x000010fd       0x51 ./Core/Src/main.o
 .debug_macro   0x0000114e      0x103 ./Core/Src/main.o
 .debug_macro   0x00001251       0x6a ./Core/Src/main.o
 .debug_macro   0x000012bb      0x1df ./Core/Src/main.o
 .debug_macro   0x0000149a       0x1c ./Core/Src/main.o
 .debug_macro   0x000014b6       0x22 ./Core/Src/main.o
 .debug_macro   0x000014d8       0xfb ./Core/Src/main.o
 .debug_macro   0x000015d3     0x1011 ./Core/Src/main.o
 .debug_macro   0x000025e4      0x11f ./Core/Src/main.o
 .debug_macro   0x00002703    0x11771 ./Core/Src/main.o
 .debug_macro   0x00013e74       0x6d ./Core/Src/main.o
 .debug_macro   0x00013ee1     0x3558 ./Core/Src/main.o
 .debug_macro   0x00017439      0x190 ./Core/Src/main.o
 .debug_macro   0x000175c9       0x5c ./Core/Src/main.o
 .debug_macro   0x00017625     0x1463 ./Core/Src/main.o
 .debug_macro   0x00018a88      0x535 ./Core/Src/main.o
 .debug_macro   0x00018fbd      0x1b6 ./Core/Src/main.o
 .debug_macro   0x00019173      0x288 ./Core/Src/main.o
 .debug_macro   0x000193fb      0x41d ./Core/Src/main.o
 .debug_macro   0x00019818      0x18b ./Core/Src/main.o
 .debug_macro   0x000199a3       0x43 ./Core/Src/main.o
 .debug_macro   0x000199e6      0x23d ./Core/Src/main.o
 .debug_macro   0x00019c23     0x1112 ./Core/Src/main.o
 .debug_macro   0x0001ad35      0x72e ./Core/Src/main.o
 .debug_macro   0x0001b463      0x391 ./Core/Src/main.o
 .debug_macro   0x0001b7f4      0x211 ./Core/Src/main.o
 .debug_macro   0x0001ba05      0x401 ./Core/Src/main.o
 .debug_macro   0x0001be06      0x107 ./Core/Src/main.o
 .debug_macro   0x0001bf0d       0x73 ./Core/Src/main.o
 .debug_macro   0x0001bf80      0x22d ./Core/Src/main.o
 .debug_macro   0x0001c1ad      0x122 ./Core/Src/main.o
 .debug_macro   0x0001c2cf      0x3d1 ./Core/Src/main.o
 .debug_macro   0x0001c6a0      0xbda ./Core/Src/main.o
 .debug_macro   0x0001d27a      0x47e ./Core/Src/main.o
 .debug_macro   0x0001d6f8      0x306 ./Core/Src/main.o
 .debug_macro   0x0001d9fe       0xdc ./Core/Src/main.o
 .debug_macro   0x0001dada       0x61 ./Core/Src/main.o
 .debug_macro   0x0001db3b       0x2a ./Core/Src/main.o
 .debug_macro   0x0001db65       0x43 ./Core/Src/main.o
 .debug_macro   0x0001dba8       0x34 ./Core/Src/main.o
 .debug_macro   0x0001dbdc       0x16 ./Core/Src/main.o
 .debug_macro   0x0001dbf2       0x3c ./Core/Src/main.o
 .debug_macro   0x0001dc2e      0x370 ./Core/Src/main.o
 .debug_macro   0x0001df9e       0x10 ./Core/Src/main.o
 .debug_macro   0x0001dfae       0x16 ./Core/Src/main.o
 .debug_macro   0x0001dfc4       0x4a ./Core/Src/main.o
 .debug_macro   0x0001e00e       0x34 ./Core/Src/main.o
 .debug_macro   0x0001e042       0x10 ./Core/Src/main.o
 .debug_macro   0x0001e052       0x58 ./Core/Src/main.o
 .debug_macro   0x0001e0aa       0x8e ./Core/Src/main.o
 .debug_macro   0x0001e138       0x1c ./Core/Src/main.o
 .debug_macro   0x0001e154      0x185 ./Core/Src/main.o
 .debug_macro   0x0001e2d9       0x16 ./Core/Src/main.o
 .debug_macro   0x0001e2ef       0x16 ./Core/Src/main.o
 .debug_macro   0x0001e305      0x146 ./Core/Src/main.o
 .debug_macro   0x0001e44b       0x16 ./Core/Src/main.o
 .debug_macro   0x0001e461       0x16 ./Core/Src/main.o
 .debug_macro   0x0001e477       0x29 ./Core/Src/main.o
 .debug_macro   0x0001e4a0       0x16 ./Core/Src/main.o
 .debug_macro   0x0001e4b6       0x20 ./Core/Src/main.o
 .debug_macro   0x0001e4d6       0x5f ./Core/Src/main.o
 .debug_macro   0x0001e535      0x1ef ./Core/Src/main.o
 .debug_macro   0x0001e724       0x95 ./Core/Src/main.o
 .debug_macro   0x0001e7b9       0x10 ./Core/Src/main.o
 .debug_macro   0x0001e7c9      0x210 ./Core/Src/stm32g4xx_hal_msp.o
 .debug_macro   0x0001e9d9      0x21a ./Core/Src/stm32g4xx_it.o
 .debug_macro   0x0001ebf3      0x201 ./Core/Src/system_stm32g4xx.o
 .debug_macro   0x0001edf4      0x24f ./Drivers/STM32G4xx_HAL_Driver/Src/stm32g4xx_hal.o
 .debug_macro   0x0001f043      0x21e ./Drivers/STM32G4xx_HAL_Driver/Src/stm32g4xx_hal_adc.o
 .debug_macro   0x0001f261      0x201 ./Drivers/STM32G4xx_HAL_Driver/Src/stm32g4xx_hal_cortex.o
 .debug_macro   0x0001f462      0x208 ./Drivers/STM32G4xx_HAL_Driver/Src/stm32g4xx_hal_gpio.o
 .debug_macro   0x0001f66a      0x20d ./Drivers/STM32G4xx_HAL_Driver/Src/stm32g4xx_hal_pcd.o
 .debug_macro   0x0001f877      0x201 ./Drivers/STM32G4xx_HAL_Driver/Src/stm32g4xx_hal_pcd_ex.o
 .debug_macro   0x0001fa78      0x22b ./Drivers/STM32G4xx_HAL_Driver/Src/stm32g4xx_hal_pwr_ex.o
 .debug_macro   0x0001fca3      0x243 ./Drivers/STM32G4xx_HAL_Driver/Src/stm32g4xx_hal_rcc.o
 .debug_macro   0x0001fee6      0x22b ./Drivers/STM32G4xx_HAL_Driver/Src/stm32g4xx_hal_rcc_ex.o
 .debug_macro   0x00020111      0x209 ./Drivers/STM32G4xx_HAL_Driver/Src/stm32g4xx_hal_tim.o
 .debug_macro   0x0002031a      0x207 ./Drivers/STM32G4xx_HAL_Driver/Src/stm32g4xx_hal_tim_ex.o
 .debug_macro   0x00020521      0x201 ./Drivers/STM32G4xx_HAL_Driver/Src/stm32g4xx_ll_usb.o
 .debug_macro   0x00020722      0x390 ./Middlewares/ST/STM32_USB_Device_Library/Class/CDC/Src/usbd_cdc.o
 .debug_macro   0x00020ab2       0x9e ./Middlewares/ST/STM32_USB_Device_Library/Class/CDC/Src/usbd_cdc.o
 .debug_macro   0x00020b50      0x112 ./Middlewares/ST/STM32_USB_Device_Library/Class/CDC/Src/usbd_cdc.o
 .debug_macro   0x00020c62       0x56 ./Middlewares/ST/STM32_USB_Device_Library/Class/CDC/Src/usbd_cdc.o
 .debug_macro   0x00020cb8      0x377 ./Middlewares/ST/STM32_USB_Device_Library/Core/Src/usbd_core.o
 .debug_macro   0x0002102f      0x1f5 ./Middlewares/ST/STM32_USB_Device_Library/Core/Src/usbd_core.o
 .debug_macro   0x00021224      0x381 ./Middlewares/ST/STM32_USB_Device_Library/Core/Src/usbd_ctlreq.o
 .debug_macro   0x000215a5      0x37d ./Middlewares/ST/STM32_USB_Device_Library/Core/Src/usbd_ioreq.o
 .debug_macro   0x00021922      0x3b6 ./USB_Device/App/usb_device.o
 .debug_macro   0x00021cd8       0x22 ./USB_Device/App/usb_device.o
 .debug_macro   0x00021cfa       0x16 ./USB_Device/App/usb_device.o
 .debug_macro   0x00021d10      0x39b ./USB_Device/App/usbd_cdc_if.o
 .debug_macro   0x000220ab      0x3b4 ./USB_Device/App/usbd_desc.o
 .debug_macro   0x0002245f       0x1c ./USB_Device/App/usbd_desc.o
 .debug_macro   0x0002247b      0x39a ./USB_Device/Target/usbd_conf.o

.debug_line     0x00000000    0x18d85
 .debug_line    0x00000000     0x1192 ./Core/Src/main.o
 .debug_line    0x00001192      0x9cd ./Core/Src/stm32g4xx_hal_msp.o
 .debug_line    0x00001b5f      0x838 ./Core/Src/stm32g4xx_it.o
 .debug_line    0x00002397      0x7c6 ./Core/Src/system_stm32g4xx.o
 .debug_line    0x00002b5d       0x7b ./Core/Startup/startup_stm32g441kbtx.o
 .debug_line    0x00002bd8      0xb92 ./Drivers/STM32G4xx_HAL_Driver/Src/stm32g4xx_hal.o
 .debug_line    0x0000376a     0x1f9c ./Drivers/STM32G4xx_HAL_Driver/Src/stm32g4xx_hal_adc.o
 .debug_line    0x00005706      0xcf7 ./Drivers/STM32G4xx_HAL_Driver/Src/stm32g4xx_hal_cortex.o
 .debug_line    0x000063fd      0xb6b ./Drivers/STM32G4xx_HAL_Driver/Src/stm32g4xx_hal_gpio.o
 .debug_line    0x00006f68     0x1311 ./Drivers/STM32G4xx_HAL_Driver/Src/stm32g4xx_hal_pcd.o
 .debug_line    0x00008279      0x8fb ./Drivers/STM32G4xx_HAL_Driver/Src/stm32g4xx_hal_pcd_ex.o
 .debug_line    0x00008b74      0xcf1 ./Drivers/STM32G4xx_HAL_Driver/Src/stm32g4xx_hal_pwr_ex.o
 .debug_line    0x00009865     0x1015 ./Drivers/STM32G4xx_HAL_Driver/Src/stm32g4xx_hal_rcc.o
 .debug_line    0x0000a87a     0x1141 ./Drivers/STM32G4xx_HAL_Driver/Src/stm32g4xx_hal_rcc_ex.o
 .debug_line    0x0000b9bb     0x3ef9 ./Drivers/STM32G4xx_HAL_Driver/Src/stm32g4xx_hal_tim.o
 .debug_line    0x0000f8b4     0x1fd9 ./Drivers/STM32G4xx_HAL_Driver/Src/stm32g4xx_hal_tim_ex.o
 .debug_line    0x0001188d     0x1017 ./Drivers/STM32G4xx_HAL_Driver/Src/stm32g4xx_ll_usb.o
 .debug_line    0x000128a4      0xd8a ./Middlewares/ST/STM32_USB_Device_Library/Class/CDC/Src/usbd_cdc.o
 .debug_line    0x0001362e      0xe0e ./Middlewares/ST/STM32_USB_Device_Library/Core/Src/usbd_core.o
 .debug_line    0x0001443c     0x10a5 ./Middlewares/ST/STM32_USB_Device_Library/Core/Src/usbd_ctlreq.o
 .debug_line    0x000154e1      0xa6d ./Middlewares/ST/STM32_USB_Device_Library/Core/Src/usbd_ioreq.o
 .debug_line    0x00015f4e      0xa39 ./USB_Device/App/usb_device.o
 .debug_line    0x00016987      0xa8f ./USB_Device/App/usbd_cdc_if.o
 .debug_line    0x00017416      0xae2 ./USB_Device/App/usbd_desc.o
 .debug_line    0x00017ef8      0xe8d ./USB_Device/Target/usbd_conf.o

.debug_str      0x00000000    0xdb32a
 .debug_str     0x00000000    0xdb32a ./Core/Src/main.o
                              0xd5f32 (size before relaxing)
 .debug_str     0x000db32a        0x0 ./Core/Src/stm32g4xx_hal_msp.o
                              0xd1745 (size before relaxing)
 .debug_str     0x000db32a        0x0 ./Core/Src/stm32g4xx_it.o
                              0xd0f8b (size before relaxing)
 .debug_str     0x000db32a        0x0 ./Core/Src/system_stm32g4xx.o
                              0xd0408 (size before relaxing)
 .debug_str     0x000db32a        0x0 ./Core/Startup/startup_stm32g441kbtx.o
                                 0x65 (size before relaxing)
 .debug_str     0x000db32a        0x0 ./Drivers/STM32G4xx_HAL_Driver/Src/stm32g4xx_hal.o
                              0xd0f50 (size before relaxing)
 .debug_str     0x000db32a        0x0 ./Drivers/STM32G4xx_HAL_Driver/Src/stm32g4xx_hal_adc.o
                              0xd1435 (size before relaxing)
 .debug_str     0x000db32a        0x0 ./Drivers/STM32G4xx_HAL_Driver/Src/stm32g4xx_hal_cortex.o
                              0xd0c0c (size before relaxing)
 .debug_str     0x000db32a        0x0 ./Drivers/STM32G4xx_HAL_Driver/Src/stm32g4xx_hal_gpio.o
                              0xd0593 (size before relaxing)
 .debug_str     0x000db32a        0x0 ./Drivers/STM32G4xx_HAL_Driver/Src/stm32g4xx_hal_pcd.o
                              0xd0b84 (size before relaxing)
 .debug_str     0x000db32a        0x0 ./Drivers/STM32G4xx_HAL_Driver/Src/stm32g4xx_hal_pcd_ex.o
                              0xd07c0 (size before relaxing)
 .debug_str     0x000db32a        0x0 ./Drivers/STM32G4xx_HAL_Driver/Src/stm32g4xx_hal_pwr_ex.o
                              0xd08f6 (size before relaxing)
 .debug_str     0x000db32a        0x0 ./Drivers/STM32G4xx_HAL_Driver/Src/stm32g4xx_hal_rcc.o
                              0xd0b01 (size before relaxing)
 .debug_str     0x000db32a        0x0 ./Drivers/STM32G4xx_HAL_Driver/Src/stm32g4xx_hal_rcc_ex.o
                              0xd0b02 (size before relaxing)
 .debug_str     0x000db32a        0x0 ./Drivers/STM32G4xx_HAL_Driver/Src/stm32g4xx_hal_tim.o
                              0xd1906 (size before relaxing)
 .debug_str     0x000db32a        0x0 ./Drivers/STM32G4xx_HAL_Driver/Src/stm32g4xx_hal_tim_ex.o
                              0xd157a (size before relaxing)
 .debug_str     0x000db32a        0x0 ./Drivers/STM32G4xx_HAL_Driver/Src/stm32g4xx_ll_usb.o
                              0xd06c1 (size before relaxing)
 .debug_str     0x000db32a        0x0 ./Middlewares/ST/STM32_USB_Device_Library/Class/CDC/Src/usbd_cdc.o
                              0xd52df (size before relaxing)
 .debug_str     0x000db32a        0x0 ./Middlewares/ST/STM32_USB_Device_Library/Core/Src/usbd_core.o
                              0xd4bbb (size before relaxing)
 .debug_str     0x000db32a        0x0 ./Middlewares/ST/STM32_USB_Device_Library/Core/Src/usbd_ctlreq.o
                              0xd4b0d (size before relaxing)
 .debug_str     0x000db32a        0x0 ./Middlewares/ST/STM32_USB_Device_Library/Core/Src/usbd_ioreq.o
                              0xd4a02 (size before relaxing)
 .debug_str     0x000db32a        0x0 ./USB_Device/App/usb_device.o
                              0xd4db6 (size before relaxing)
 .debug_str     0x000db32a        0x0 ./USB_Device/App/usbd_cdc_if.o
                              0xd4e04 (size before relaxing)
 .debug_str     0x000db32a        0x0 ./USB_Device/App/usbd_desc.o
                              0xd490c (size before relaxing)
 .debug_str     0x000db32a        0x0 ./USB_Device/Target/usbd_conf.o
                              0xd5c7e (size before relaxing)

.comment        0x00000000       0x43
 .comment       0x00000000       0x43 ./Core/Src/main.o
                                 0x44 (size before relaxing)
 .comment       0x00000043        0x0 ./Core/Src/stm32g4xx_hal_msp.o
                                 0x44 (size before relaxing)
 .comment       0x00000043        0x0 ./Core/Src/stm32g4xx_it.o
                                 0x44 (size before relaxing)
 .comment       0x00000043        0x0 ./Core/Src/system_stm32g4xx.o
                                 0x44 (size before relaxing)
 .comment       0x00000043        0x0 ./Drivers/STM32G4xx_HAL_Driver/Src/stm32g4xx_hal.o
                                 0x44 (size before relaxing)
 .comment       0x00000043        0x0 ./Drivers/STM32G4xx_HAL_Driver/Src/stm32g4xx_hal_adc.o
                                 0x44 (size before relaxing)
 .comment       0x00000043        0x0 ./Drivers/STM32G4xx_HAL_Driver/Src/stm32g4xx_hal_cortex.o
                                 0x44 (size before relaxing)
 .comment       0x00000043        0x0 ./Drivers/STM32G4xx_HAL_Driver/Src/stm32g4xx_hal_gpio.o
                                 0x44 (size before relaxing)
 .comment       0x00000043        0x0 ./Drivers/STM32G4xx_HAL_Driver/Src/stm32g4xx_hal_pcd.o
                                 0x44 (size before relaxing)
 .comment       0x00000043        0x0 ./Drivers/STM32G4xx_HAL_Driver/Src/stm32g4xx_hal_pcd_ex.o
                                 0x44 (size before relaxing)
 .comment       0x00000043        0x0 ./Drivers/STM32G4xx_HAL_Driver/Src/stm32g4xx_hal_pwr_ex.o
                                 0x44 (size before relaxing)
 .comment       0x00000043        0x0 ./Drivers/STM32G4xx_HAL_Driver/Src/stm32g4xx_hal_rcc.o
                                 0x44 (size before relaxing)
 .comment       0x00000043        0x0 ./Drivers/STM32G4xx_HAL_Driver/Src/stm32g4xx_hal_rcc_ex.o
                                 0x44 (size before relaxing)
 .comment       0x00000043        0x0 ./Drivers/STM32G4xx_HAL_Driver/Src/stm32g4xx_hal_tim.o
                                 0x44 (size before relaxing)
 .comment       0x00000043        0x0 ./Drivers/STM32G4xx_HAL_Driver/Src/stm32g4xx_hal_tim_ex.o
                                 0x44 (size before relaxing)
 .comment       0x00000043        0x0 ./Drivers/STM32G4xx_HAL_Driver/Src/stm32g4xx_ll_usb.o
                                 0x44 (size before relaxing)
 .comment       0x00000043        0x0 ./Middlewares/ST/STM32_USB_Device_Library/Class/CDC/Src/usbd_cdc.o
                                 0x44 (size before relaxing)
 .comment       0x00000043        0x0 ./Middlewares/ST/STM32_USB_Device_Library/Core/Src/usbd_core.o
                                 0x44 (size before relaxing)
 .comment       0x00000043        0x0 ./Middlewares/ST/STM32_USB_Device_Library/Core/Src/usbd_ctlreq.o
                                 0x44 (size before relaxing)
 .comment       0x00000043        0x0 ./Middlewares/ST/STM32_USB_Device_Library/Core/Src/usbd_ioreq.o
                                 0x44 (size before relaxing)
 .comment       0x00000043        0x0 ./USB_Device/App/usb_device.o
                                 0x44 (size before relaxing)
 .comment       0x00000043        0x0 ./USB_Device/App/usbd_cdc_if.o
                                 0x44 (size before relaxing)
 .comment       0x00000043        0x0 ./USB_Device/App/usbd_desc.o
                                 0x44 (size before relaxing)
 .comment       0x00000043        0x0 ./USB_Device/Target/usbd_conf.o
                                 0x44 (size before relaxing)

.debug_frame    0x00000000     0x5d10
 .debug_frame   0x00000000      0x338 ./Core/Src/main.o
 .debug_frame   0x00000338      0x180 ./Core/Src/stm32g4xx_hal_msp.o
 .debug_frame   0x000004b8      0x13c ./Core/Src/stm32g4xx_it.o
 .debug_frame   0x000005f4       0x58 ./Core/Src/system_stm32g4xx.o
 .debug_frame   0x0000064c      0x500 ./Drivers/STM32G4xx_HAL_Driver/Src/stm32g4xx_hal.o
 .debug_frame   0x00000b4c      0xacc ./Drivers/STM32G4xx_HAL_Driver/Src/stm32g4xx_hal_adc.o
 .debug_frame   0x00001618      0x4e8 ./Drivers/STM32G4xx_HAL_Driver/Src/stm32g4xx_hal_cortex.o
 .debug_frame   0x00001b00      0x14c ./Drivers/STM32G4xx_HAL_Driver/Src/stm32g4xx_hal_gpio.o
 .debug_frame   0x00001c4c      0x56c ./Drivers/STM32G4xx_HAL_Driver/Src/stm32g4xx_hal_pcd.o
 .debug_frame   0x000021b8      0x14c ./Drivers/STM32G4xx_HAL_Driver/Src/stm32g4xx_hal_pcd_ex.o
 .debug_frame   0x00002304      0x4fc ./Drivers/STM32G4xx_HAL_Driver/Src/stm32g4xx_hal_pwr_ex.o
 .debug_frame   0x00002800      0x23c ./Drivers/STM32G4xx_HAL_Driver/Src/stm32g4xx_hal_rcc.o
 .debug_frame   0x00002a3c      0x2ac ./Drivers/STM32G4xx_HAL_Driver/Src/stm32g4xx_hal_rcc_ex.o
 .debug_frame   0x00002ce8     0x121c ./Drivers/STM32G4xx_HAL_Driver/Src/stm32g4xx_hal_tim.o
 .debug_frame   0x00003f04      0xa68 ./Drivers/STM32G4xx_HAL_Driver/Src/stm32g4xx_hal_tim_ex.o
 .debug_frame   0x0000496c      0x380 ./Drivers/STM32G4xx_HAL_Driver/Src/stm32g4xx_ll_usb.o
 .debug_frame   0x00004cec      0x248 ./Middlewares/ST/STM32_USB_Device_Library/Class/CDC/Src/usbd_cdc.o
 .debug_frame   0x00004f34      0x2f4 ./Middlewares/ST/STM32_USB_Device_Library/Core/Src/usbd_core.o
 .debug_frame   0x00005228      0x23c ./Middlewares/ST/STM32_USB_Device_Library/Core/Src/usbd_ctlreq.o
 .debug_frame   0x00005464      0x10c ./Middlewares/ST/STM32_USB_Device_Library/Core/Src/usbd_ioreq.o