../Core/Src/main.c:114:6:CDC_On_Receive	16	static
../Core/Src/main.c:123:20:DWT_Init	4	static
../Core/Src/main.c:130:20:delay_us	24	static
../Core/Src/main.c:137:10:mapThrower	16	static
../Core/Src/main.c:145:6:enable_drivers	8	static
../Core/Src/main.c:151:9:clamp	24	static
../Core/Src/main.c:157:6:rapidBlink	16	static
../Core/Src/main.c:164:9:setMotor	32	static
../Core/Src/main.c:184:6:runMotor	24	static
../Core/Src/main.c:195:6:HAL_TIM_PeriodElapsedCallback	16	static
../Core/Src/main.c:217:5:main	8	static
../Core/Src/main.c:303:6:SystemClock_Config	88	static
../Core/Src/main.c:351:13:MX_ADC2_Init	40	static
../Core/Src/main.c:410:13:MX_TIM1_Init	104	static
../Core/Src/main.c:490:13:MX_TIM2_Init	56	static
../Core/Src/main.c:539:13:MX_TIM3_Init	56	static
../Core/Src/main.c:588:13:MX_TIM4_Init	56	static
../Core/Src/main.c:637:13:MX_TIM6_Init	24	static
../Core/Src/main.c:675:13:MX_TIM8_Init	104	static
../Core/Src/main.c:747:13:MX_TIM16_Init	88	static
../Core/Src/main.c:810:13:MX_TIM17_Init	88	static
../Core/Src/main.c:873:13:MX_GPIO_Init	40	static
../Core/Src/main.c:918:6:Error_Handler	4	static,ignoring_inline_asm
